Archive member included to satisfy reference by file (symbol)

/usr/lib/gcc/arm-none-eabi/7.3.1/thumb/v6-m/libgcc.a(_dvmd_tls.o)
                              CMakeFiles/TrackCall2.dir/home/pi/pico/pico-sdk/src/rp2_common/pico_divider/divider.S.obj (__aeabi_idiv0)
/usr/lib/gcc/arm-none-eabi/7.3.1/../../../arm-none-eabi/lib/thumb/v6-m/libg.a(lib_a-atexit.o)
                              /usr/lib/gcc/arm-none-eabi/7.3.1/../../../arm-none-eabi/lib/thumb/v6-m/crt0.o (atexit)
/usr/lib/gcc/arm-none-eabi/7.3.1/../../../arm-none-eabi/lib/thumb/v6-m/libg.a(lib_a-calloc.o)
                              CMakeFiles/TrackCall2.dir/home/pi/pico/pico-sdk/src/rp2_common/pico_malloc/pico_malloc.c.obj (calloc)
/usr/lib/gcc/arm-none-eabi/7.3.1/../../../arm-none-eabi/lib/thumb/v6-m/libg.a(lib_a-callocr.o)
                              /usr/lib/gcc/arm-none-eabi/7.3.1/../../../arm-none-eabi/lib/thumb/v6-m/libg.a(lib_a-calloc.o) (_calloc_r)
/usr/lib/gcc/arm-none-eabi/7.3.1/../../../arm-none-eabi/lib/thumb/v6-m/libg.a(lib_a-fini.o)
                              /usr/lib/gcc/arm-none-eabi/7.3.1/../../../arm-none-eabi/lib/thumb/v6-m/crt0.o (__libc_fini_array)
/usr/lib/gcc/arm-none-eabi/7.3.1/../../../arm-none-eabi/lib/thumb/v6-m/libg.a(lib_a-impure.o)
                              /usr/lib/gcc/arm-none-eabi/7.3.1/../../../arm-none-eabi/lib/thumb/v6-m/libg.a(lib_a-calloc.o) (_impure_ptr)
/usr/lib/gcc/arm-none-eabi/7.3.1/../../../arm-none-eabi/lib/thumb/v6-m/libg.a(lib_a-init.o)
                              /usr/lib/gcc/arm-none-eabi/7.3.1/../../../arm-none-eabi/lib/thumb/v6-m/crt0.o (__libc_init_array)
/usr/lib/gcc/arm-none-eabi/7.3.1/../../../arm-none-eabi/lib/thumb/v6-m/libg.a(lib_a-malloc.o)
                              CMakeFiles/TrackCall2.dir/home/pi/pico/pico-sdk/src/rp2_common/pico_malloc/pico_malloc.c.obj (malloc)
/usr/lib/gcc/arm-none-eabi/7.3.1/../../../arm-none-eabi/lib/thumb/v6-m/libg.a(lib_a-mallocr.o)
                              /usr/lib/gcc/arm-none-eabi/7.3.1/../../../arm-none-eabi/lib/thumb/v6-m/libg.a(lib_a-callocr.o) (_malloc_r)
/usr/lib/gcc/arm-none-eabi/7.3.1/../../../arm-none-eabi/lib/thumb/v6-m/libg.a(lib_a-mlock.o)
                              /usr/lib/gcc/arm-none-eabi/7.3.1/../../../arm-none-eabi/lib/thumb/v6-m/libg.a(lib_a-mallocr.o) (__malloc_lock)
/usr/lib/gcc/arm-none-eabi/7.3.1/../../../arm-none-eabi/lib/thumb/v6-m/libg.a(lib_a-realloc.o)
                              CMakeFiles/TrackCall2.dir/home/pi/pico/pico-sdk/src/rp2_common/pico_malloc/pico_malloc.c.obj (realloc)
/usr/lib/gcc/arm-none-eabi/7.3.1/../../../arm-none-eabi/lib/thumb/v6-m/libg.a(lib_a-reallocr.o)
                              /usr/lib/gcc/arm-none-eabi/7.3.1/../../../arm-none-eabi/lib/thumb/v6-m/libg.a(lib_a-realloc.o) (_realloc_r)
/usr/lib/gcc/arm-none-eabi/7.3.1/../../../arm-none-eabi/lib/thumb/v6-m/libg.a(lib_a-sbrkr.o)
                              /usr/lib/gcc/arm-none-eabi/7.3.1/../../../arm-none-eabi/lib/thumb/v6-m/libg.a(lib_a-mallocr.o) (_sbrk_r)
/usr/lib/gcc/arm-none-eabi/7.3.1/../../../arm-none-eabi/lib/thumb/v6-m/libg.a(lib_a-strlen-stub.o)
                              CMakeFiles/TrackCall2.dir/home/pi/pico/pico-sdk/src/rp2_common/pico_stdio/stdio.c.obj (strlen)
/usr/lib/gcc/arm-none-eabi/7.3.1/../../../arm-none-eabi/lib/thumb/v6-m/libg.a(lib_a-__atexit.o)
                              /usr/lib/gcc/arm-none-eabi/7.3.1/../../../arm-none-eabi/lib/thumb/v6-m/libg.a(lib_a-atexit.o) (__register_exitproc)
/usr/lib/gcc/arm-none-eabi/7.3.1/../../../arm-none-eabi/lib/thumb/v6-m/libg.a(lib_a-freer.o)
                              /usr/lib/gcc/arm-none-eabi/7.3.1/../../../arm-none-eabi/lib/thumb/v6-m/libg.a(lib_a-malloc.o) (_free_r)
/usr/lib/gcc/arm-none-eabi/7.3.1/../../../arm-none-eabi/lib/thumb/v6-m/libg.a(lib_a-memmove.o)
                              /usr/lib/gcc/arm-none-eabi/7.3.1/../../../arm-none-eabi/lib/thumb/v6-m/libg.a(lib_a-reallocr.o) (memmove)
/usr/lib/gcc/arm-none-eabi/7.3.1/../../../arm-none-eabi/lib/thumb/v6-m/libg.a(lib_a-reent.o)
                              /usr/lib/gcc/arm-none-eabi/7.3.1/../../../arm-none-eabi/lib/thumb/v6-m/libg.a(lib_a-sbrkr.o) (errno)

Allocating common symbols
Common symbol       size              file

sf_table            0x100             CMakeFiles/TrackCall2.dir/home/pi/pico/pico-sdk/src/rp2_common/pico_float/float_init_rom.c.obj
errno               0x4               /usr/lib/gcc/arm-none-eabi/7.3.1/../../../arm-none-eabi/lib/thumb/v6-m/libg.a(lib_a-reent.o)
sd_table            0x100             CMakeFiles/TrackCall2.dir/home/pi/pico/pico-sdk/src/rp2_common/pico_double/double_init_rom.c.obj
uart_char_to_line_feed
                    0x4               CMakeFiles/TrackCall2.dir/home/pi/pico/pico-sdk/src/rp2_common/hardware_uart/uart.c.obj

Discarded input sections

 .text          0x00000000        0x0 /usr/lib/gcc/arm-none-eabi/7.3.1/thumb/v6-m/crti.o
 .data          0x00000000        0x0 /usr/lib/gcc/arm-none-eabi/7.3.1/thumb/v6-m/crti.o
[...]
Memory Configuration

Name             Origin             Length             Attributes
FLASH            0x10000000         0x00200000         xr
RAM              0x20000000         0x00040000         xrw
SCRATCH_X        0x20040000         0x00001000         xrw
SCRATCH_Y        0x20041000         0x00001000         xrw
*default*        0x00000000         0xffffffff

Linker script and memory map

LOAD /usr/lib/gcc/arm-none-eabi/7.3.1/thumb/v6-m/crti.o
LOAD /usr/lib/gcc/arm-none-eabi/7.3.1/thumb/v6-m/crtbegin.o
LOAD /usr/lib/gcc/arm-none-eabi/7.3.1/../../../arm-none-eabi/lib/thumb/v6-m/crt0.o

.flash_begin    0x10000000        0x0
                0x10000000                __flash_binary_start = .

.boot2          0x10000000      0x100
                0x10000000                __boot2_start__ = .
 *(.boot2)
 .boot2         0x10000000      0x100 /tmp/ccG1MHl4.o
                0x10000100                __boot2_end__ = .
                0x00000001                ASSERT (((__boot2_end__ - __boot2_start__) == 0x100), ERROR: Pico second stage bootloader must be 256 bytes in size)

.text           0x10000100     0x4848
                0x10000100                __logical_binary_start = .
 *(.vectors)
 .vectors       0x10000100       0xd4 CMakeFiles/TrackCall2.dir/home/pi/pico/pico-sdk/src/rp2_common/pico_standard_link/crt0.S.obj
                0x10000100                __vectors
                0x10000100                __VECTOR_TABLE
                0x100001c0                isr_invalid
                0x100001c0                __default_isrs_start
                0x100001c2                isr_nmi
                0x100001c4                isr_hardfault
                0x100001c6                isr_svcall
                0x100001c8                isr_pendsv
                0x100001ca                isr_systick
                0x100001cc                isr_irq30
                0x100001cc                __unhandled_user_irq
                0x100001cc                isr_irq13
                0x100001cc                isr_irq27
                0x100001cc                isr_irq31
                0x100001cc                isr_irq5
                0x100001cc                isr_irq11
                0x100001cc                isr_irq23
                0x100001cc                isr_irq18
                0x100001cc                isr_irq28
                0x100001cc                isr_irq19
                0x100001cc                isr_irq0
                0x100001cc                isr_irq6
                0x100001cc                isr_irq22
                0x100001cc                isr_irq17
                0x100001cc                isr_irq14
                0x100001cc                isr_irq2
                0x100001cc                isr_irq10
                0x100001cc                isr_irq8
                0x100001cc                isr_irq24
                0x100001cc                isr_irq1
                0x100001cc                isr_irq7
                0x100001cc                isr_irq21
                0x100001cc                isr_irq20
                0x100001cc                isr_irq15
                0x100001cc                isr_irq25
                0x100001cc                isr_irq4
                0x100001cc                isr_irq16
                0x100001cc                isr_irq29
                0x100001cc                isr_irq26
                0x100001cc                __default_isrs_end
                0x100001cc                isr_irq3
                0x100001cc                isr_irq12
                0x100001cc                isr_irq9
                0x100001d2                unhandled_user_irq_num_in_r0
 *(.binary_info_header)
 .binary_info_header
                0x100001d4       0x14 CMakeFiles/TrackCall2.dir/home/pi/pico/pico-sdk/src/rp2_common/pico_standard_link/crt0.S.obj
                0x100001e8                __binary_info_header_end = .
 *(.reset)
 .reset         0x100001e8       0xa8 CMakeFiles/TrackCall2.dir/home/pi/pico/pico-sdk/src/rp2_common/pico_standard_link/crt0.S.obj
                0x100001e8                _entry_point
                0x10000266                __get_current_exception
 .reset         0x10000290       0x30 CMakeFiles/TrackCall2.dir/home/pi/pico/pico-sdk/src/rp2_common/pico_standard_link/binary_info.c.obj
 *(.init)
 .init          0x100002c0        0x4 /usr/lib/gcc/arm-none-eabi/7.3.1/thumb/v6-m/crti.o
                0x100002c0                _init
 *(EXCLUDE_FILE(*libm.a: *libc.a:*lib_a-mem*.o *libgcc.a:) .text*)
 .text          0x100002c4       0x98 /usr/lib/gcc/arm-none-eabi/7.3.1/thumb/v6-m/crtbegin.o
 .text.InitalizeLEDsAndButtons
                0x1000035c       0x5c CMakeFiles/TrackCall2.dir/TrackCall2.c.obj
                0x1000035c                InitalizeLEDsAndButtons
 .text.activateRelay
                0x100003b8       0x1c CMakeFiles/TrackCall2.dir/TrackCall2.c.obj
                0x100003b8                activateRelay
 .text.main     0x100003d4      0x1e4 CMakeFiles/TrackCall2.dir/TrackCall2.c.obj
                0x100003d4                main
 .text.gpio_set_function
                0x100005b8       0x30 CMakeFiles/TrackCall2.dir/home/pi/pico/pico-sdk/src/rp2_common/hardware_gpio/gpio.c.obj
                0x100005b8                gpio_set_function
 .text.gpio_set_pulls
                0x100005e8       0x34 CMakeFiles/TrackCall2.dir/home/pi/pico/pico-sdk/src/rp2_common/hardware_gpio/gpio.c.obj
                0x100005e8                gpio_set_pulls
 .text.gpio_init
                0x1000061c       0x16 CMakeFiles/TrackCall2.dir/home/pi/pico/pico-sdk/src/rp2_common/hardware_gpio/gpio.c.obj
                0x1000061c                gpio_init
 *fill*         0x10000632        0x2 
 .text.hw_claim_lock
                0x10000634       0x18 CMakeFiles/TrackCall2.dir/home/pi/pico/pico-sdk/src/rp2_common/hardware_claim/claim.c.obj
                0x10000634                hw_claim_lock
 .text.hw_claim_unlock
                0x1000064c       0x14 CMakeFiles/TrackCall2.dir/home/pi/pico/pico-sdk/src/rp2_common/hardware_claim/claim.c.obj
                0x1000064c                hw_claim_unlock
 .text.hw_claim_or_assert
                0x10000660       0x32 CMakeFiles/TrackCall2.dir/home/pi/pico/pico-sdk/src/rp2_common/hardware_claim/claim.c.obj
                0x10000660                hw_claim_or_assert
 *fill*         0x10000692        0x2 
 .text.running_on_fpga
                0x10000694       0x14 CMakeFiles/TrackCall2.dir/home/pi/pico/pico-sdk/src/rp2_common/pico_platform/platform.c.obj
                0x10000694                running_on_fpga
 .text.spin_locks_reset
                0x100006a8       0x20 CMakeFiles/TrackCall2.dir/home/pi/pico/pico-sdk/src/rp2_common/hardware_sync/sync.c.obj
                0x100006a8                spin_locks_reset
 .text.next_striped_spin_lock_num
                0x100006c8       0x1c CMakeFiles/TrackCall2.dir/home/pi/pico/pico-sdk/src/rp2_common/hardware_sync/sync.c.obj
                0x100006c8                next_striped_spin_lock_num
 .text.set_raw_irq_handler_and_unlock
                0x100006e4       0x28 CMakeFiles/TrackCall2.dir/home/pi/pico/pico-sdk/src/rp2_common/hardware_irq/irq.c.obj
 .text.make_branch
                0x1000070c       0x48 CMakeFiles/TrackCall2.dir/home/pi/pico/pico-sdk/src/rp2_common/hardware_irq/irq.c.obj
 .text.insert_branch_and_link
                0x10000754       0x40 CMakeFiles/TrackCall2.dir/home/pi/pico/pico-sdk/src/rp2_common/hardware_irq/irq.c.obj
 .text.irq_is_enabled
                0x10000794       0x18 CMakeFiles/TrackCall2.dir/home/pi/pico/pico-sdk/src/rp2_common/hardware_irq/irq.c.obj
                0x10000794                irq_is_enabled
 .text.irq_set_mask_enabled
                0x100007ac       0x20 CMakeFiles/TrackCall2.dir/home/pi/pico/pico-sdk/src/rp2_common/hardware_irq/irq.c.obj
                0x100007ac                irq_set_mask_enabled
 .text.irq_set_enabled
                0x100007cc        0xe CMakeFiles/TrackCall2.dir/home/pi/pico/pico-sdk/src/rp2_common/hardware_irq/irq.c.obj
                0x100007cc                irq_set_enabled
 *fill*         0x100007da        0x2 
 .text.irq_get_vtable_handler
                0x100007dc       0x10 CMakeFiles/TrackCall2.dir/home/pi/pico/pico-sdk/src/rp2_common/hardware_irq/irq.c.obj
                0x100007dc                irq_get_vtable_handler
 .text.irq_set_exclusive_handler
                0x100007ec       0x54 CMakeFiles/TrackCall2.dir/home/pi/pico/pico-sdk/src/rp2_common/hardware_irq/irq.c.obj
                0x100007ec                irq_set_exclusive_handler
 .text.irq_remove_handler
                0x10000840      0x1ac CMakeFiles/TrackCall2.dir/home/pi/pico/pico-sdk/src/rp2_common/hardware_irq/irq.c.obj
                0x10000840                irq_remove_handler
 .text.irq_add_tail_to_free_list
                0x100009ec       0xf0 CMakeFiles/TrackCall2.dir/home/pi/pico/pico-sdk/src/rp2_common/hardware_irq/irq.c.obj
                0x100009ec                irq_add_tail_to_free_list
 .text.irq_init_priorities
                0x10000adc       0x1c CMakeFiles/TrackCall2.dir/home/pi/pico/pico-sdk/src/rp2_common/hardware_irq/irq.c.obj
                0x10000adc                irq_init_priorities
 .text.lock_init
                0x10000af8       0x10 CMakeFiles/TrackCall2.dir/home/pi/pico/pico-sdk/src/common/pico_sync/lock_core.c.obj
                0x10000af8                lock_init
 .text.alarm_pool_post_alloc_init
                0x10000b08       0x40 CMakeFiles/TrackCall2.dir/home/pi/pico/pico-sdk/src/common/pico_time/time.c.obj
 .text.sleep_until_callback
                0x10000b48       0x30 CMakeFiles/TrackCall2.dir/home/pi/pico/pico-sdk/src/common/pico_time/time.c.obj
 .text.timer_pool_entry_comparator
                0x10000b78       0x7c CMakeFiles/TrackCall2.dir/home/pi/pico/pico-sdk/src/common/pico_time/time.c.obj
                0x10000b78                timer_pool_entry_comparator
 .text.ph_add_child_node
                0x10000bf4       0xa4 CMakeFiles/TrackCall2.dir/home/pi/pico/pico-sdk/src/common/pico_time/time.c.obj
 .text.ph_merge_nodes
                0x10000c98       0x3a CMakeFiles/TrackCall2.dir/home/pi/pico/pico-sdk/src/common/pico_time/time.c.obj
 *fill*         0x10000cd2        0x2 
 .text.add_alarm_under_lock
                0x10000cd4      0x180 CMakeFiles/TrackCall2.dir/home/pi/pico/pico-sdk/src/common/pico_time/time.c.obj
 .text.alarm_pool_alarm_callback
                0x10000e54      0x344 CMakeFiles/TrackCall2.dir/home/pi/pico/pico-sdk/src/common/pico_time/time.c.obj
 .text.alarm_pool_init_default
                0x10001198       0x38 CMakeFiles/TrackCall2.dir/home/pi/pico/pico-sdk/src/common/pico_time/time.c.obj
                0x10001198                alarm_pool_init_default
 .text.alarm_pool_get_default
                0x100011d0       0x2c CMakeFiles/TrackCall2.dir/home/pi/pico/pico-sdk/src/common/pico_time/time.c.obj
                0x100011d0                alarm_pool_get_default
 .text.alarm_pool_add_alarm_at
                0x100011fc      0x168 CMakeFiles/TrackCall2.dir/home/pi/pico/pico-sdk/src/common/pico_time/time.c.obj
                0x100011fc                alarm_pool_add_alarm_at
 .text.sleep_until
                0x10001364       0xfc CMakeFiles/TrackCall2.dir/home/pi/pico/pico-sdk/src/common/pico_time/time.c.obj
                0x10001364                sleep_until
 .text.sleep_us
                0x10001460       0x54 CMakeFiles/TrackCall2.dir/home/pi/pico/pico-sdk/src/common/pico_time/time.c.obj
                0x10001460                sleep_us
 .text.sleep_ms
                0x100014b4       0x14 CMakeFiles/TrackCall2.dir/home/pi/pico/pico-sdk/src/common/pico_time/time.c.obj
                0x100014b4                sleep_ms
 .text.hardware_alarm_irq_handler
                0x100014c8       0x8c CMakeFiles/TrackCall2.dir/home/pi/pico/pico-sdk/src/rp2_common/hardware_timer/timer.c.obj
 .text.hardware_alarm_claim
                0x10001554       0x18 CMakeFiles/TrackCall2.dir/home/pi/pico/pico-sdk/src/rp2_common/hardware_timer/timer.c.obj
                0x10001554                hardware_alarm_claim
 .text.time_us_64
                0x1000156c       0x18 CMakeFiles/TrackCall2.dir/home/pi/pico/pico-sdk/src/rp2_common/hardware_timer/timer.c.obj
                0x1000156c                time_us_64
 .text.busy_wait_until
                0x10001584       0x28 CMakeFiles/TrackCall2.dir/home/pi/pico/pico-sdk/src/rp2_common/hardware_timer/timer.c.obj
                0x10001584                busy_wait_until
 .text.hardware_alarm_set_callback
                0x100015ac       0x90 CMakeFiles/TrackCall2.dir/home/pi/pico/pico-sdk/src/rp2_common/hardware_timer/timer.c.obj
                0x100015ac                hardware_alarm_set_callback
 .text.hardware_alarm_set_target
                0x1000163c       0xe8 CMakeFiles/TrackCall2.dir/home/pi/pico/pico-sdk/src/rp2_common/hardware_timer/timer.c.obj
                0x1000163c                hardware_alarm_set_target
 .text.hardware_alarm_cancel
                0x10001724       0x40 CMakeFiles/TrackCall2.dir/home/pi/pico/pico-sdk/src/rp2_common/hardware_timer/timer.c.obj
                0x10001724                hardware_alarm_cancel
 .text.ph_add_child_node
                0x10001764       0xa4 CMakeFiles/TrackCall2.dir/home/pi/pico/pico-sdk/src/common/pico_util/pheap.c.obj
 .text.ph_merge_nodes
                0x10001808       0x3a CMakeFiles/TrackCall2.dir/home/pi/pico/pico-sdk/src/common/pico_util/pheap.c.obj
 *fill*         0x10001842        0x2 
 .text.ph_clear
                0x10001844       0x70 CMakeFiles/TrackCall2.dir/home/pi/pico/pico-sdk/src/common/pico_util/pheap.c.obj
                0x10001844                ph_clear
 .text.ph_post_alloc_init
                0x100018b4        0xe CMakeFiles/TrackCall2.dir/home/pi/pico/pico-sdk/src/common/pico_util/pheap.c.obj
                0x100018b4                ph_post_alloc_init
 *fill*         0x100018c2        0x2 
 .text.ph_merge_two_pass
                0x100018c4       0xac CMakeFiles/TrackCall2.dir/home/pi/pico/pico-sdk/src/common/pico_util/pheap.c.obj
                0x100018c4                ph_merge_two_pass
 .text.ph_remove_any_head
                0x10001970      0x108 CMakeFiles/TrackCall2.dir/home/pi/pico/pico-sdk/src/common/pico_util/pheap.c.obj
 .text.ph_remove_head
                0x10001a78       0x14 CMakeFiles/TrackCall2.dir/home/pi/pico/pico-sdk/src/common/pico_util/pheap.c.obj
                0x10001a78                ph_remove_head
 .text.ph_remove_and_free_node
                0x10001a8c       0xf8 CMakeFiles/TrackCall2.dir/home/pi/pico/pico-sdk/src/common/pico_util/pheap.c.obj
                0x10001a8c                ph_remove_and_free_node
 .text.mutex_init
                0x10001b84       0x1a CMakeFiles/TrackCall2.dir/home/pi/pico/pico-sdk/src/common/pico_sync/mutex.c.obj
                0x10001b84                mutex_init
 .text.recursive_mutex_init
                0x10001b9e       0x1e CMakeFiles/TrackCall2.dir/home/pi/pico/pico-sdk/src/common/pico_sync/mutex.c.obj
                0x10001b9e                recursive_mutex_init
 .text.uart_set_baudrate
                0x10001bbc       0x5c CMakeFiles/TrackCall2.dir/home/pi/pico/pico-sdk/src/rp2_common/hardware_uart/uart.c.obj
                0x10001bbc                uart_set_baudrate
 .text.uart_set_translate_crlf
                0x10001c18       0x28 CMakeFiles/TrackCall2.dir/home/pi/pico/pico-sdk/src/rp2_common/hardware_uart/uart.c.obj
                0x10001c18                uart_set_translate_crlf
 .text.uart_init
                0x10001c40       0x84 CMakeFiles/TrackCall2.dir/home/pi/pico/pico-sdk/src/rp2_common/hardware_uart/uart.c.obj
                0x10001c40                uart_init
 .text._exit    0x10001cc4        0x4 CMakeFiles/TrackCall2.dir/home/pi/pico/pico-sdk/src/rp2_common/pico_runtime/runtime.c.obj
                0x10001cc4                _exit
 .text.exit     0x10001cc8        0x6 CMakeFiles/TrackCall2.dir/home/pi/pico/pico-sdk/src/rp2_common/pico_runtime/runtime.c.obj
                0x10001cc8                exit
 *fill*         0x10001cce        0x2 
 .text.__assert_func
                0x10001cd0       0x3c CMakeFiles/TrackCall2.dir/home/pi/pico/pico-sdk/src/rp2_common/pico_runtime/runtime.c.obj
                0x10001cd0                __assert_func
 .text.runtime_init
                0x10001d0c       0xf8 CMakeFiles/TrackCall2.dir/home/pi/pico/pico-sdk/src/rp2_common/pico_runtime/runtime.c.obj
                0x10001d0c                runtime_init
 .text.panic    0x10001e04       0x30 CMakeFiles/TrackCall2.dir/home/pi/pico/pico-sdk/src/rp2_common/pico_runtime/runtime.c.obj
                0x10001e04                panic
 .text.clock_configure
                0x10001e34       0xfc CMakeFiles/TrackCall2.dir/home/pi/pico/pico-sdk/src/rp2_common/hardware_clocks/clocks.c.obj
                0x10001e34                clock_configure
 .text.clocks_init
                0x10001f30      0x100 CMakeFiles/TrackCall2.dir/home/pi/pico/pico-sdk/src/rp2_common/hardware_clocks/clocks.c.obj
                0x10001f30                clocks_init
 .text.clock_get_hz
                0x10002030        0xc CMakeFiles/TrackCall2.dir/home/pi/pico/pico-sdk/src/rp2_common/hardware_clocks/clocks.c.obj
                0x10002030                clock_get_hz
 .text.pll_init
                0x1000203c      0x140 CMakeFiles/TrackCall2.dir/home/pi/pico/pico-sdk/src/rp2_common/hardware_pll/pll.c.obj
                0x1000203c                pll_init
 .text.watchdog_start_tick
                0x1000217c       0x10 CMakeFiles/TrackCall2.dir/home/pi/pico/pico-sdk/src/rp2_common/hardware_watchdog/watchdog.c.obj
                0x1000217c                watchdog_start_tick
 .text.xosc_init
                0x1000218c       0x28 CMakeFiles/TrackCall2.dir/home/pi/pico/pico-sdk/src/rp2_common/hardware_xosc/xosc.c.obj
                0x1000218c                xosc_init
 .text._out_null
                0x100021b4        0x2 CMakeFiles/TrackCall2.dir/home/pi/pico/pico-sdk/src/rp2_common/pico_printf/printf.c.obj
 .text._out_fct
                0x100021b6        0xe CMakeFiles/TrackCall2.dir/home/pi/pico/pico-sdk/src/rp2_common/pico_printf/printf.c.obj
 .text._atoi    0x100021c4       0x24 CMakeFiles/TrackCall2.dir/home/pi/pico/pico-sdk/src/rp2_common/pico_printf/printf.c.obj
 .text._out_rev
                0x100021e8       0x8c CMakeFiles/TrackCall2.dir/home/pi/pico/pico-sdk/src/rp2_common/pico_printf/printf.c.obj
 .text._ntoa_format
                0x10002274      0x112 CMakeFiles/TrackCall2.dir/home/pi/pico/pico-sdk/src/rp2_common/pico_printf/printf.c.obj
 .text._ntoa_long
                0x10002386       0x9e CMakeFiles/TrackCall2.dir/home/pi/pico/pico-sdk/src/rp2_common/pico_printf/printf.c.obj
 .text._ntoa_long_long
                0x10002424       0xe2 CMakeFiles/TrackCall2.dir/home/pi/pico/pico-sdk/src/rp2_common/pico_printf/printf.c.obj
 *fill*         0x10002506        0x2 
 .text._etoa    0x10002508      0x424 CMakeFiles/TrackCall2.dir/home/pi/pico/pico-sdk/src/rp2_common/pico_printf/printf.c.obj
 .text._ftoa    0x1000292c      0x340 CMakeFiles/TrackCall2.dir/home/pi/pico/pico-sdk/src/rp2_common/pico_printf/printf.c.obj
 .text._vsnprintf
                0x10002c6c      0x640 CMakeFiles/TrackCall2.dir/home/pi/pico/pico-sdk/src/rp2_common/pico_printf/printf.c.obj
 .text.vfctprintf
                0x100032ac       0x20 CMakeFiles/TrackCall2.dir/home/pi/pico/pico-sdk/src/rp2_common/pico_printf/printf.c.obj
                0x100032ac                vfctprintf
 .text          0x100032cc       0x10 CMakeFiles/TrackCall2.dir/home/pi/pico/pico-sdk/src/rp2_common/pico_bit_ops/bit_ops_aeabi.S.obj
 .text.rom_func_lookup
                0x100032dc       0x10 CMakeFiles/TrackCall2.dir/home/pi/pico/pico-sdk/src/rp2_common/pico_bootrom/bootrom.c.obj
                0x100032dc                rom_func_lookup
 .text.rom_data_lookup
                0x100032ec       0x10 CMakeFiles/TrackCall2.dir/home/pi/pico/pico-sdk/src/rp2_common/pico_bootrom/bootrom.c.obj
                0x100032ec                rom_data_lookup
 .text.rom_funcs_lookup
                0x100032fc       0x36 CMakeFiles/TrackCall2.dir/home/pi/pico/pico-sdk/src/rp2_common/pico_bootrom/bootrom.c.obj
                0x100032fc                rom_funcs_lookup
 *fill*         0x10003332        0x2 
 .text.__wrap___aeabi_idiv
                0x10003334       0x50 CMakeFiles/TrackCall2.dir/home/pi/pico/pico-sdk/src/rp2_common/pico_divider/divider.S.obj
                0x10003334                __wrap___aeabi_idivmod
                0x10003334                divmod_s32s32
                0x10003334                div_s32s32
                0x10003334                __wrap___aeabi_idiv
                0x1000333c                divmod_s32s32_unsafe
                0x10003368                divmod_s32s32_savestate
 .text.__wrap___aeabi_uidiv
                0x10003384       0x4c CMakeFiles/TrackCall2.dir/home/pi/pico/pico-sdk/src/rp2_common/pico_divider/divider.S.obj
                0x10003384                __wrap___aeabi_uidiv
                0x10003384                __wrap___aeabi_uidivmod
                0x10003384                div_u32u32
                0x10003384                divmod_u32u32
                0x1000338c                divmod_u32u32_unsafe
                0x100033b4                divmod_u32u32_savestate
 .text.__wrap___aeabi_ldiv
                0x100033d0      0x434 CMakeFiles/TrackCall2.dir/home/pi/pico/pico-sdk/src/rp2_common/pico_divider/divider.S.obj
                0x100033d0                div_s64s64
                0x100033d0                divmod_s64s64
                0x100033d0                __wrap___aeabi_ldivmod
                0x10003408                div_u64u64
                0x10003408                divmod_u64u64
                0x10003408                __wrap___aeabi_uldivmod
                0x10003418                divmod_u64u64_savestate
                0x10003440                divmod_s64s64_unsafe
                0x100034c8                divmod_u64u64_unsafe
 .text.__wrap___aeabi_darithmetic
                0x10003804       0x80 CMakeFiles/TrackCall2.dir/home/pi/pico/pico-sdk/src/rp2_common/pico_double/double_aeabi.S.obj
                0x10003804                __wrap___aeabi_drsub
                0x1000380a                __wrap___aeabi_dsub
                0x1000381c                __wrap___aeabi_dadd
                0x1000382e                __wrap___aeabi_ddiv
                0x1000386a                __wrap___aeabi_dmul
 .text.__wrap___aeabi_cdcmple
                0x10003884       0x6c CMakeFiles/TrackCall2.dir/home/pi/pico/pico-sdk/src/rp2_common/pico_double/double_aeabi.S.obj
                0x10003884                __wrap___aeabi_cdrcmple
                0x10003894                __wrap___aeabi_cdcmple
                0x10003894                __wrap___aeabi_cdcmpeq
 .text.__wrap___aeabi_dcmplt
                0x100038f0        0xc CMakeFiles/TrackCall2.dir/home/pi/pico/pico-sdk/src/rp2_common/pico_double/double_aeabi.S.obj
                0x100038f0                __wrap___aeabi_dcmplt
 .text.__wrap___aeabi_dcmple
                0x100038fc       0x10 CMakeFiles/TrackCall2.dir/home/pi/pico/pico-sdk/src/rp2_common/pico_double/double_aeabi.S.obj
                0x100038fc                __wrap___aeabi_dcmple
 .text.__wrap___aeabi_dcmpge
                0x1000390c       0x10 CMakeFiles/TrackCall2.dir/home/pi/pico/pico-sdk/src/rp2_common/pico_double/double_aeabi.S.obj
                0x1000390c                __wrap___aeabi_dcmpge
 .text.__wrap___aeabi_dcmpgt
                0x1000391c        0xa CMakeFiles/TrackCall2.dir/home/pi/pico/pico-sdk/src/rp2_common/pico_double/double_aeabi.S.obj
                0x1000391c                __wrap___aeabi_dcmpgt
 .text.__wrap___aeabi_dcmpun
                0x10003926       0x1c CMakeFiles/TrackCall2.dir/home/pi/pico/pico-sdk/src/rp2_common/pico_double/double_aeabi.S.obj
                0x10003926                __wrap___aeabi_dcmpun
 *fill*         0x10003942        0x2 
 .text.__wrap___aeabi_i2d
                0x10003944       0x38 CMakeFiles/TrackCall2.dir/home/pi/pico/pico-sdk/src/rp2_common/pico_double/double_aeabi.S.obj
                0x10003944                __wrap___aeabi_ui2d
                0x1000394c                __wrap___aeabi_i2d
 .text.__wrap___aeabi_d2iz
                0x1000397c       0x48 CMakeFiles/TrackCall2.dir/home/pi/pico/pico-sdk/src/rp2_common/pico_double/double_aeabi.S.obj
                0x1000397c                __wrap___aeabi_d2iz
                0x1000397c                double2int_z
 .text.__wrap___aeabi_d2uiz
                0x100039c4       0x18 CMakeFiles/TrackCall2.dir/home/pi/pico/pico-sdk/src/rp2_common/pico_double/double_aeabi.S.obj
                0x100039c4                double2uint
                0x100039c4                __wrap___aeabi_d2uiz
 .text.__aeabi_double_init
                0x100039dc       0xc8 CMakeFiles/TrackCall2.dir/home/pi/pico/pico-sdk/src/rp2_common/pico_double/double_init_rom.c.obj
                0x100039dc                __aeabi_double_init
 .text.double_table_shim_on_use_helper
                0x10003aa4       0x34 CMakeFiles/TrackCall2.dir/home/pi/pico/pico-sdk/src/rp2_common/pico_double/double_v1_rom_shim.S.obj
                0x10003aa4                double_table_shim_on_use_helper
 .text.__wrap___aeabi_dsub
                0x10003ad8       0x10 CMakeFiles/TrackCall2.dir/home/pi/pico/pico-sdk/src/rp2_common/pico_double/double_v1_rom_shim.S.obj
                0x10003ad8                drsub_shim
                0x10003ade                dsub_shim
 .text.dadd_shim
                0x10003ae8      0x15c CMakeFiles/TrackCall2.dir/home/pi/pico/pico-sdk/src/rp2_common/pico_double/double_v1_rom_shim.S.obj
                0x10003ae8                dadd_shim
 .text.dmul_shim
                0x10003c44      0x15c CMakeFiles/TrackCall2.dir/home/pi/pico/pico-sdk/src/rp2_common/pico_double/double_v1_rom_shim.S.obj
                0x10003c44                dmul_shim
 .text.ddiv_shim
                0x10003da0      0x1b0 CMakeFiles/TrackCall2.dir/home/pi/pico/pico-sdk/src/rp2_common/pico_double/double_v1_rom_shim.S.obj
                0x10003da0                ddiv_shim
 .text.double2uint_shim
                0x10003f50        0xe CMakeFiles/TrackCall2.dir/home/pi/pico/pico-sdk/src/rp2_common/pico_double/double_v1_rom_shim.S.obj
                0x10003f50                double2uint_shim
                0x10003f52                double2ufix_shim
 *fill*         0x10003f5e        0x2 
 .text.double2uint64_shim
                0x10003f60       0x70 CMakeFiles/TrackCall2.dir/home/pi/pico/pico-sdk/src/rp2_common/pico_double/double_v1_rom_shim.S.obj
                0x10003f60                double2uint64_shim
                0x10003f62                double2ufix64_shim
                0x10003f82                d2fix_a
 .text.dunpacks
                0x10003fd0       0x3c CMakeFiles/TrackCall2.dir/home/pi/pico/pico-sdk/src/rp2_common/pico_double/double_v1_rom_shim.S.obj
                0x10003fd0                dunpacks
 .text.__aeabi_lmul
                0x1000400c       0x32 CMakeFiles/TrackCall2.dir/home/pi/pico/pico-sdk/src/rp2_common/pico_int64_ops/pico_int64_ops_aeabi.S.obj
                0x1000400c                __wrap___aeabi_lmul
 *fill*         0x1000403e        0x2 
 .text.__wrap___aeabi_farithmetic
                0x10004040       0x58 CMakeFiles/TrackCall2.dir/home/pi/pico/pico-sdk/src/rp2_common/pico_float/float_aeabi.S.obj
                0x10004040                __wrap___aeabi_frsub
                0x10004046                __wrap___aeabi_fsub
                0x10004050                __wrap___aeabi_fadd
                0x1000405a                __wrap___aeabi_fdiv
                0x10004086                __wrap___aeabi_fmul
 .text.__wrap___aeabi_ui2f
                0x10004098        0xa CMakeFiles/TrackCall2.dir/home/pi/pico/pico-sdk/src/rp2_common/pico_float/float_aeabi.S.obj
                0x10004098                __wrap___aeabi_ui2f
 *fill*         0x100040a2        0x2 
 .text.__wrap___aeabi_i2f
                0x100040a4       0x44 CMakeFiles/TrackCall2.dir/home/pi/pico/pico-sdk/src/rp2_common/pico_float/float_aeabi.S.obj
                0x100040a4                __wrap___aeabi_i2f
 .text.__wrap___aeabi_f2uiz
                0x100040e8       0x10 CMakeFiles/TrackCall2.dir/home/pi/pico/pico-sdk/src/rp2_common/pico_float/float_aeabi.S.obj
                0x100040e8                __wrap___aeabi_f2uiz
 .text.__aeabi_float_init
                0x100040f8       0xfc CMakeFiles/TrackCall2.dir/home/pi/pico/pico-sdk/src/rp2_common/pico_float/float_init_rom.c.obj
                0x100040f8                __aeabi_float_init
 .text.float_table_shim_on_use_helper
                0x100041f4       0x34 CMakeFiles/TrackCall2.dir/home/pi/pico/pico-sdk/src/rp2_common/pico_float/float_v1_rom_shim.S.obj
                0x100041f4                float_table_shim_on_use_helper
 .text          0x10004228       0x10 CMakeFiles/TrackCall2.dir/home/pi/pico/pico-sdk/src/rp2_common/pico_mem_ops/mem_ops_aeabi.S.obj
                0x10004228                __aeabi_mem_init
 .text.memset   0x10004238        0xc CMakeFiles/TrackCall2.dir/home/pi/pico/pico-sdk/src/rp2_common/pico_mem_ops/mem_ops_aeabi.S.obj
                0x10004238                __wrap_memset
 .text.memcpy   0x10004244        0xc CMakeFiles/TrackCall2.dir/home/pi/pico/pico-sdk/src/rp2_common/pico_mem_ops/mem_ops_aeabi.S.obj
                0x10004244                __wrap___aeabi_memcpy
                0x10004244                __wrap_memcpy
 .text.stdio_out_chars_no_crlf
                0x10004250        0xe CMakeFiles/TrackCall2.dir/home/pi/pico/pico-sdk/src/rp2_common/pico_stdio/stdio.c.obj
 *fill*         0x1000425e        0x2 
 .text.stdio_out_chars_crlf
                0x10004260       0x80 CMakeFiles/TrackCall2.dir/home/pi/pico/pico-sdk/src/rp2_common/pico_stdio/stdio.c.obj
 .text.stdio_stack_buffer_flush
                0x100042e0       0x44 CMakeFiles/TrackCall2.dir/home/pi/pico/pico-sdk/src/rp2_common/pico_stdio/stdio.c.obj
 .text.stdio_buffered_printer
                0x10004324       0x20 CMakeFiles/TrackCall2.dir/home/pi/pico/pico-sdk/src/rp2_common/pico_stdio/stdio.c.obj
 .text.stdout_serialize_begin
                0x10004344       0x30 CMakeFiles/TrackCall2.dir/home/pi/pico/pico-sdk/src/rp2_common/pico_stdio/stdio.c.obj
                0x10004344                stdout_serialize_begin
 .text.stdout_serialize_end
                0x10004374       0x10 CMakeFiles/TrackCall2.dir/home/pi/pico/pico-sdk/src/rp2_common/pico_stdio/stdio.c.obj
                0x10004374                stdout_serialize_end
 .text.stdio_put_string
                0x10004384       0x94 CMakeFiles/TrackCall2.dir/home/pi/pico/pico-sdk/src/rp2_common/pico_stdio/stdio.c.obj
 .text.stdio_set_driver_enabled
                0x10004418       0x2c CMakeFiles/TrackCall2.dir/home/pi/pico/pico-sdk/src/rp2_common/pico_stdio/stdio.c.obj
                0x10004418                stdio_set_driver_enabled
 .text.stdio_flush
                0x10004444       0x20 CMakeFiles/TrackCall2.dir/home/pi/pico/pico-sdk/src/rp2_common/pico_stdio/stdio.c.obj
                0x10004444                stdio_flush
 .text.__wrap_puts
                0x10004464       0x1e CMakeFiles/TrackCall2.dir/home/pi/pico/pico-sdk/src/rp2_common/pico_stdio/stdio.c.obj
                0x10004464                __wrap_puts
 *fill*         0x10004482        0x2 
 .text.__wrap_vprintf
                0x10004484       0x44 CMakeFiles/TrackCall2.dir/home/pi/pico/pico-sdk/src/rp2_common/pico_stdio/stdio.c.obj
                0x10004484                __wrap_vprintf
 .text.__wrap_printf
                0x100044c8       0x18 CMakeFiles/TrackCall2.dir/home/pi/pico/pico-sdk/src/rp2_common/pico_stdio/stdio.c.obj
                0x100044c8                __wrap_printf
 .text.stdio_init_all
                0x100044e0        0x8 CMakeFiles/TrackCall2.dir/home/pi/pico/pico-sdk/src/rp2_common/pico_stdio/stdio.c.obj
                0x100044e0                stdio_init_all
 .text.stdio_uart_out_chars
                0x100044e8       0x70 CMakeFiles/TrackCall2.dir/home/pi/pico/pico-sdk/src/rp2_common/pico_stdio_uart/stdio_uart.c.obj
 .text.stdio_uart_in_chars
                0x10004558       0x50 CMakeFiles/TrackCall2.dir/home/pi/pico/pico-sdk/src/rp2_common/pico_stdio_uart/stdio_uart.c.obj
                0x10004558                stdio_uart_in_chars
 .text.stdio_uart_init_full
                0x100045a8       0x3c CMakeFiles/TrackCall2.dir/home/pi/pico/pico-sdk/src/rp2_common/pico_stdio_uart/stdio_uart.c.obj
                0x100045a8                stdio_uart_init_full
 .text.stdio_uart_init
                0x100045e4       0x28 CMakeFiles/TrackCall2.dir/home/pi/pico/pico-sdk/src/rp2_common/pico_stdio_uart/stdio_uart.c.obj
                0x100045e4                stdio_uart_init
 .text._pio_can_add_program_at_offset
                0x1000460c       0x3c CMakeFiles/TrackCall2.dir/home/pi/pico/pico-sdk/src/rp2_common/hardware_pio/pio.c.obj
 .text._pio_find_offset_for_program
                0x10004648       0x80 CMakeFiles/TrackCall2.dir/home/pi/pico/pico-sdk/src/rp2_common/hardware_pio/pio.c.obj
 .text._pio_add_program_at_offset
                0x100046c8       0x78 CMakeFiles/TrackCall2.dir/home/pi/pico/pico-sdk/src/rp2_common/hardware_pio/pio.c.obj
 .text.pio_add_program
                0x10004740       0x38 CMakeFiles/TrackCall2.dir/home/pi/pico/pico-sdk/src/rp2_common/hardware_pio/pio.c.obj
                0x10004740                pio_add_program
 .text.pio_sm_set_consecutive_pindirs
                0x10004778       0x70 CMakeFiles/TrackCall2.dir/home/pi/pico/pico-sdk/src/rp2_common/hardware_pio/pio.c.obj
                0x10004778                pio_sm_set_consecutive_pindirs
 .text.pio_sm_init
                0x100047e8       0xa8 CMakeFiles/TrackCall2.dir/home/pi/pico/pico-sdk/src/rp2_common/hardware_pio/pio.c.obj
                0x100047e8                pio_sm_init
 .text          0x10004890       0x64 /usr/lib/gcc/arm-none-eabi/7.3.1/../../../arm-none-eabi/lib/thumb/v6-m/libg.a(lib_a-strlen-stub.o)
                0x10004890                strlen
 *(.fini)
 .fini          0x100048f4        0x4 /usr/lib/gcc/arm-none-eabi/7.3.1/thumb/v6-m/crti.o
                0x100048f4                _fini
 .fini.__stub   0x100048f8       0x50 linker stubs
 *crtbegin.o(.ctors)
 *crtbegin?.o(.ctors)
 *(EXCLUDE_FILE(*crtend.o *crtend?.o) .ctors)
 *(SORT_BY_NAME(.ctors.*))
 *(.ctors)
 *crtbegin.o(.dtors)
 *crtbegin?.o(.dtors)
 *(EXCLUDE_FILE(*crtend.o *crtend?.o) .dtors)
 *(SORT_BY_NAME(.dtors.*))
 *(.dtors)
 *(.eh_frame*)
 .eh_frame      0x10004948        0x0 /usr/lib/gcc/arm-none-eabi/7.3.1/thumb/v6-m/crtbegin.o
                0x10004948                . = ALIGN (0x4)

.glue_7         0x10004948        0x0
 .glue_7        0x10004948        0x0 linker stubs

.glue_7t        0x10004948        0x0
 .glue_7t       0x10004948        0x0 linker stubs

.vfp11_veneer   0x10004948        0x0
 .vfp11_veneer  0x10004948        0x0 linker stubs

.v4_bx          0x10004948        0x0
 .v4_bx         0x10004948        0x0 linker stubs

.iplt           0x10004948        0x0
 .iplt          0x10004948        0x0 /usr/lib/gcc/arm-none-eabi/7.3.1/thumb/v6-m/crtbegin.o

.rodata         0x10004948      0xf60
 *(EXCLUDE_FILE(*libm.a: *libc.a:*lib_a-mem*.o *libgcc.a:) .rodata*)
 .rodata        0x10004948        0x8 CMakeFiles/TrackCall2.dir/TrackCall2.c.obj
 .rodata.ws2812_program
                0x10004950        0x6 CMakeFiles/TrackCall2.dir/TrackCall2.c.obj
 *fill*         0x10004956        0x2 
 .rodata.ws2812_program_instructions
                0x10004958        0x8 CMakeFiles/TrackCall2.dir/TrackCall2.c.obj
 .rodata.__func__.4737
                0x10004960       0x1a CMakeFiles/TrackCall2.dir/home/pi/pico/pico-sdk/src/rp2_common/hardware_irq/irq.c.obj
 *fill*         0x1000497a        0x2 
 .rodata.__func__.4751
                0x1000497c        0xc CMakeFiles/TrackCall2.dir/home/pi/pico/pico-sdk/src/rp2_common/hardware_irq/irq.c.obj
 .rodata.__func__.4759
                0x10004988       0x17 CMakeFiles/TrackCall2.dir/home/pi/pico/pico-sdk/src/rp2_common/hardware_irq/irq.c.obj
 *fill*         0x1000499f        0x1 
 .rodata.__func__.4763
                0x100049a0        0xf CMakeFiles/TrackCall2.dir/home/pi/pico/pico-sdk/src/rp2_common/hardware_irq/irq.c.obj
 *fill*         0x100049af        0x1 
 .rodata.__func__.4802
                0x100049b0       0x13 CMakeFiles/TrackCall2.dir/home/pi/pico/pico-sdk/src/rp2_common/hardware_irq/irq.c.obj
 *fill*         0x100049c3        0x1 
 .rodata.__func__.4824
                0x100049c4       0x1a CMakeFiles/TrackCall2.dir/home/pi/pico/pico-sdk/src/rp2_common/hardware_irq/irq.c.obj
 *fill*         0x100049de        0x2 
 .rodata.insert_branch_and_link.str1.4
                0x100049e0       0x10 CMakeFiles/TrackCall2.dir/home/pi/pico/pico-sdk/src/rp2_common/hardware_irq/irq.c.obj
 .rodata.irq_add_shared_handler.str1.4
                0x100049f0       0xd9 CMakeFiles/TrackCall2.dir/home/pi/pico/pico-sdk/src/rp2_common/hardware_irq/irq.c.obj
 *fill*         0x10004ac9        0x3 
 .rodata.irq_add_tail_to_free_list.str1.4
                0x10004acc       0x3a CMakeFiles/TrackCall2.dir/home/pi/pico/pico-sdk/src/rp2_common/hardware_irq/irq.c.obj
 *fill*         0x10004b06        0x2 
 .rodata.irq_remove_handler.str1.4
                0x10004b08       0x2a CMakeFiles/TrackCall2.dir/home/pi/pico/pico-sdk/src/rp2_common/hardware_irq/irq.c.obj
 *fill*         0x10004b32        0x2 
 .rodata.irq_set_exclusive_handler.str1.4
                0x10004b34       0x36 CMakeFiles/TrackCall2.dir/home/pi/pico/pico-sdk/src/rp2_common/hardware_irq/irq.c.obj
 *fill*         0x10004b6a        0x2 
 .rodata.make_branch.str1.4
                0x10004b6c       0x69 CMakeFiles/TrackCall2.dir/home/pi/pico/pico-sdk/src/rp2_common/hardware_irq/irq.c.obj
 *fill*         0x10004bd5        0x3 
 .rodata.__func__.5648
                0x10004bd8       0x15 CMakeFiles/TrackCall2.dir/home/pi/pico/pico-sdk/src/common/pico_time/time.c.obj
 *fill*         0x10004bed        0x3 
 .rodata.__func__.5966
                0x10004bf0        0xc CMakeFiles/TrackCall2.dir/home/pi/pico/pico-sdk/src/common/pico_time/time.c.obj
 .rodata.__func__.5973
                0x10004bfc       0x12 CMakeFiles/TrackCall2.dir/home/pi/pico/pico-sdk/src/common/pico_time/time.c.obj
 *fill*         0x10004c0e        0x2 
 .rodata.__func__.5989
                0x10004c10        0xf CMakeFiles/TrackCall2.dir/home/pi/pico/pico-sdk/src/common/pico_time/time.c.obj
 *fill*         0x10004c1f        0x1 
 .rodata.__func__.6011
                0x10004c20        0xd CMakeFiles/TrackCall2.dir/home/pi/pico/pico-sdk/src/common/pico_time/time.c.obj
 *fill*         0x10004c2d        0x3 
 .rodata.__func__.6234
                0x10004c30        0xa CMakeFiles/TrackCall2.dir/home/pi/pico/pico-sdk/src/common/pico_time/time.c.obj
 *fill*         0x10004c3a        0x2 
 .rodata.__func__.6239
                0x10004c3c       0x12 CMakeFiles/TrackCall2.dir/home/pi/pico/pico-sdk/src/common/pico_time/time.c.obj
 *fill*         0x10004c4e        0x2 
 .rodata.__func__.6254
                0x10004c50       0x17 CMakeFiles/TrackCall2.dir/home/pi/pico/pico-sdk/src/common/pico_time/time.c.obj
 *fill*         0x10004c67        0x1 
 .rodata.__func__.6265
                0x10004c68       0x15 CMakeFiles/TrackCall2.dir/home/pi/pico/pico-sdk/src/common/pico_time/time.c.obj
 *fill*         0x10004c7d        0x3 
 .rodata.__func__.6282
                0x10004c80       0x1a CMakeFiles/TrackCall2.dir/home/pi/pico/pico-sdk/src/common/pico_time/time.c.obj
 *fill*         0x10004c9a        0x2 
 .rodata.add_alarm_under_lock.str1.4
                0x10004c9c       0x28 CMakeFiles/TrackCall2.dir/home/pi/pico/pico-sdk/src/common/pico_time/time.c.obj
                                 0x2b (size before relaxing)
 .rodata.alarm_pool_alarm_callback.str1.4
                0x10004cc4       0xe2 CMakeFiles/TrackCall2.dir/home/pi/pico/pico-sdk/src/common/pico_time/time.c.obj
 *fill*         0x10004da6        0x2 
 .rodata.alarm_pool_dump_key.str1.4
                0x10004da8       0x33 CMakeFiles/TrackCall2.dir/home/pi/pico/pico-sdk/src/common/pico_time/time.c.obj
 *fill*         0x10004ddb        0x1 
 .rodata.alarm_pool_get_default.str1.4
                0x10004ddc       0x21 CMakeFiles/TrackCall2.dir/home/pi/pico/pico-sdk/src/common/pico_time/time.c.obj
 *fill*         0x10004dfd        0x3 
 .rodata.ph_add_child_node.str1.4
                0x10004e00       0x92 CMakeFiles/TrackCall2.dir/home/pi/pico/pico-sdk/src/common/pico_time/time.c.obj
 *fill*         0x10004e92        0x2 
 .rodata.repeating_timer_callback.str1.4
                0x10004e94       0x47 CMakeFiles/TrackCall2.dir/home/pi/pico/pico-sdk/src/common/pico_time/time.c.obj
 *fill*         0x10004edb        0x1 
 .rodata.sleep_until.str1.4
                0x10004edc       0x4d CMakeFiles/TrackCall2.dir/home/pi/pico/pico-sdk/src/common/pico_time/time.c.obj
 *fill*         0x10004f29        0x3 
 .rodata.__func__.4535
                0x10004f2c       0x1a CMakeFiles/TrackCall2.dir/home/pi/pico/pico-sdk/src/rp2_common/hardware_timer/timer.c.obj
 *fill*         0x10004f46        0x2 
 .rodata.hardware_alarm_claim.str1.4
                0x10004f48       0x22 CMakeFiles/TrackCall2.dir/home/pi/pico/pico-sdk/src/rp2_common/hardware_timer/timer.c.obj
 *fill*         0x10004f6a        0x2 
 .rodata.hardware_alarm_set_target.str1.4
                0x10004f6c       0x61 CMakeFiles/TrackCall2.dir/home/pi/pico/pico-sdk/src/rp2_common/hardware_timer/timer.c.obj
 *fill*         0x10004fcd        0x3 
 .rodata.__func__.5664
                0x10004fd0        0xc CMakeFiles/TrackCall2.dir/home/pi/pico/pico-sdk/src/common/pico_util/pheap.c.obj
 .rodata.__func__.5671
                0x10004fdc       0x12 CMakeFiles/TrackCall2.dir/home/pi/pico/pico-sdk/src/common/pico_util/pheap.c.obj
 *fill*         0x10004fee        0x2 
 .rodata.__func__.5757
                0x10004ff0       0x13 CMakeFiles/TrackCall2.dir/home/pi/pico/pico-sdk/src/common/pico_util/pheap.c.obj
 *fill*         0x10005003        0x1 
 .rodata.__func__.5775
                0x10005004       0x18 CMakeFiles/TrackCall2.dir/home/pi/pico/pico-sdk/src/common/pico_util/pheap.c.obj
 .rodata.ph_add_child_node.str1.4
                0x1000501c       0x92 CMakeFiles/TrackCall2.dir/home/pi/pico/pico-sdk/src/common/pico_util/pheap.c.obj
 .rodata.ph_remove_and_free_node.str1.4
                0x1000501c       0x1e CMakeFiles/TrackCall2.dir/home/pi/pico/pico-sdk/src/common/pico_util/pheap.c.obj
                                 0x26 (size before relaxing)
 *fill*         0x1000503a        0x2 
 .rodata.ph_remove_any_head.str1.4
                0x1000503c       0x88 CMakeFiles/TrackCall2.dir/home/pi/pico/pico-sdk/src/common/pico_util/pheap.c.obj
 .rodata.__func__.4669
                0x100050c4        0xb CMakeFiles/TrackCall2.dir/home/pi/pico/pico-sdk/src/common/pico_sync/mutex.c.obj
 *fill*         0x100050cf        0x1 
 .rodata.str1.4
                0x100050d0       0x85 CMakeFiles/TrackCall2.dir/home/pi/pico/pico-sdk/src/common/pico_sync/mutex.c.obj
                                 0xe5 (size before relaxing)
 *fill*         0x10005155        0x3 
 .rodata.__assert_func.str1.4
                0x10005158       0x3f CMakeFiles/TrackCall2.dir/home/pi/pico/pico-sdk/src/rp2_common/pico_runtime/runtime.c.obj
                                 0x43 (size before relaxing)
 *fill*         0x10005197        0x1 
 .rodata.__func__.5782
                0x10005198        0xd CMakeFiles/TrackCall2.dir/home/pi/pico/pico-sdk/src/rp2_common/pico_runtime/runtime.c.obj
 *fill*         0x100051a5        0x3 
 .rodata.panic.str1.4
                0x100051a8       0x12 CMakeFiles/TrackCall2.dir/home/pi/pico/pico-sdk/src/rp2_common/pico_runtime/runtime.c.obj
 *fill*         0x100051ba        0x2 
 .rodata.runtime_init.str1.4
                0x100051bc       0x5d CMakeFiles/TrackCall2.dir/home/pi/pico/pico-sdk/src/rp2_common/pico_runtime/runtime.c.obj
 *fill*         0x10005219        0x3 
 .rodata.__func__.4719
                0x1000521c       0x10 CMakeFiles/TrackCall2.dir/home/pi/pico/pico-sdk/src/rp2_common/hardware_clocks/clocks.c.obj
 .rodata.clock_configure.str1.4
                0x1000522c       0x53 CMakeFiles/TrackCall2.dir/home/pi/pico/pico-sdk/src/rp2_common/hardware_clocks/clocks.c.obj
 *fill*         0x1000527f        0x1 
 .rodata.__func__.4376
                0x10005280        0x9 CMakeFiles/TrackCall2.dir/home/pi/pico/pico-sdk/src/rp2_common/hardware_pll/pll.c.obj
 *fill*         0x10005289        0x3 
 .rodata.pll_init.str1.4
                0x1000528c      0x137 CMakeFiles/TrackCall2.dir/home/pi/pico/pico-sdk/src/rp2_common/hardware_pll/pll.c.obj
 *fill*         0x100053c3        0x1 
 .rodata._vsnprintf
                0x100053c4      0x1e0 CMakeFiles/TrackCall2.dir/home/pi/pico/pico-sdk/src/rp2_common/pico_printf/printf.c.obj
 .rodata._ftoa.str1.4
                0x100055a4       0x15 CMakeFiles/TrackCall2.dir/home/pi/pico/pico-sdk/src/rp2_common/pico_printf/printf.c.obj
 *fill*         0x100055b9        0x7 
 .rodata.pow10.5378
                0x100055c0       0x50 CMakeFiles/TrackCall2.dir/home/pi/pico/pico-sdk/src/rp2_common/pico_printf/printf.c.obj
 .rodata.__aeabi_double_init.str1.4
                0x10005610       0xa4 CMakeFiles/TrackCall2.dir/home/pi/pico/pico-sdk/src/rp2_common/pico_double/double_init_rom.c.obj
 .rodata.__func__.4688
                0x100056b4       0x14 CMakeFiles/TrackCall2.dir/home/pi/pico/pico-sdk/src/rp2_common/pico_double/double_init_rom.c.obj
 .rodata.__aeabi_float_init.str1.4
                0x100056c8       0x76 CMakeFiles/TrackCall2.dir/home/pi/pico/pico-sdk/src/rp2_common/pico_float/float_init_rom.c.obj
                                 0x7a (size before relaxing)
 *fill*         0x1000573e        0x2 
 .rodata.__func__.4689
                0x10005740       0x13 CMakeFiles/TrackCall2.dir/home/pi/pico/pico-sdk/src/rp2_common/pico_float/float_init_rom.c.obj
 *fill*         0x10005753        0x1 
 .rodata.__bi_44
                0x10005754        0xc CMakeFiles/TrackCall2.dir/home/pi/pico/pico-sdk/src/rp2_common/pico_standard_link/binary_info.c.obj
 .rodata.__bi_56
                0x10005760        0xc CMakeFiles/TrackCall2.dir/home/pi/pico/pico-sdk/src/rp2_common/pico_standard_link/binary_info.c.obj
 .rodata.__bi_75
                0x1000576c        0xc CMakeFiles/TrackCall2.dir/home/pi/pico/pico-sdk/src/rp2_common/pico_standard_link/binary_info.c.obj
 .rodata.__bi_81
                0x10005778        0xc CMakeFiles/TrackCall2.dir/home/pi/pico/pico-sdk/src/rp2_common/pico_standard_link/binary_info.c.obj
 .rodata.str1.4
                0x10005784       0x44 CMakeFiles/TrackCall2.dir/home/pi/pico/pico-sdk/src/rp2_common/pico_standard_link/binary_info.c.obj
 .rodata.crlf_str.6007
                0x100057c8        0x2 CMakeFiles/TrackCall2.dir/home/pi/pico/pico-sdk/src/rp2_common/pico_stdio/stdio.c.obj
 *fill*         0x100057ca        0x2 
 .rodata.__bi_28.4823
                0x100057cc        0xc CMakeFiles/TrackCall2.dir/home/pi/pico/pico-sdk/src/rp2_common/pico_stdio_uart/stdio_uart.c.obj
 .rodata.__bi_29.4827
                0x100057d8        0x8 CMakeFiles/TrackCall2.dir/home/pi/pico/pico-sdk/src/rp2_common/pico_stdio_uart/stdio_uart.c.obj
 .rodata.str1.4
                0x100057e0       0x2c CMakeFiles/TrackCall2.dir/home/pi/pico/pico-sdk/src/rp2_common/pico_stdio_uart/stdio_uart.c.obj
 .rodata.__func__.5300
                0x1000580c       0x1d CMakeFiles/TrackCall2.dir/home/pi/pico/pico-sdk/src/rp2_common/hardware_pio/pio.c.obj
 *fill*         0x10005829        0x3 
 .rodata._pio_add_program_at_offset.str1.4
                0x1000582c       0x11 CMakeFiles/TrackCall2.dir/home/pi/pico/pico-sdk/src/rp2_common/hardware_pio/pio.c.obj
 *fill*         0x1000583d        0x3 
 .rodata._pio_find_offset_for_program.str1.4
                0x10005840       0x68 CMakeFiles/TrackCall2.dir/home/pi/pico/pico-sdk/src/rp2_common/hardware_pio/pio.c.obj
                                 0x65 (size before relaxing)
                0x100058a8                . = ALIGN (0x4)
 *(SORT_BY_ALIGNMENT(SORT_BY_NAME(.flashdata*)))
                0x100058a8                . = ALIGN (0x4)

.rel.dyn        0x100058a8        0x0
 .rel.iplt      0x100058a8        0x0 /usr/lib/gcc/arm-none-eabi/7.3.1/thumb/v6-m/crtbegin.o

.ARM.extab
 *(.ARM.extab* .gnu.linkonce.armextab.*)
                0x100058a8                __exidx_start = .

.ARM.exidx
 *(.ARM.exidx* .gnu.linkonce.armexidx.*)
                0x100058a8                __exidx_end = .
                0x100058a8                . = ALIGN (0x4)
                0x100058a8                __binary_info_start = .

.binary_info    0x100058a8       0x28
 *(.binary_info.keep.*)
 .binary_info.keep.__bi_ptr22
                0x100058a8        0x4 CMakeFiles/TrackCall2.dir/home/pi/pico/pico-sdk/src/rp2_common/pico_standard_link/binary_info.c.obj
 .binary_info.keep.__bi_ptr30
                0x100058ac        0x4 CMakeFiles/TrackCall2.dir/home/pi/pico/pico-sdk/src/rp2_common/pico_standard_link/binary_info.c.obj
 .binary_info.keep.__bi_ptr38
                0x100058b0        0x4 CMakeFiles/TrackCall2.dir/home/pi/pico/pico-sdk/src/rp2_common/pico_standard_link/binary_info.c.obj
 .binary_info.keep.__bi_ptr44
                0x100058b4        0x4 CMakeFiles/TrackCall2.dir/home/pi/pico/pico-sdk/src/rp2_common/pico_standard_link/binary_info.c.obj
 .binary_info.keep.__bi_ptr50
                0x100058b8        0x4 CMakeFiles/TrackCall2.dir/home/pi/pico/pico-sdk/src/rp2_common/pico_standard_link/binary_info.c.obj
 .binary_info.keep.__bi_ptr56
                0x100058bc        0x4 CMakeFiles/TrackCall2.dir/home/pi/pico/pico-sdk/src/rp2_common/pico_standard_link/binary_info.c.obj
 .binary_info.keep.__bi_ptr75
                0x100058c0        0x4 CMakeFiles/TrackCall2.dir/home/pi/pico/pico-sdk/src/rp2_common/pico_standard_link/binary_info.c.obj
 .binary_info.keep.__bi_ptr81
                0x100058c4        0x4 CMakeFiles/TrackCall2.dir/home/pi/pico/pico-sdk/src/rp2_common/pico_standard_link/binary_info.c.obj
 *(.binary_info.*)
 .binary_info.__bi_ptr28
                0x100058c8        0x4 CMakeFiles/TrackCall2.dir/home/pi/pico/pico-sdk/src/rp2_common/pico_stdio_uart/stdio_uart.c.obj
 .binary_info.__bi_ptr29
                0x100058cc        0x4 CMakeFiles/TrackCall2.dir/home/pi/pico/pico-sdk/src/rp2_common/pico_stdio_uart/stdio_uart.c.obj
                0x100058d0                __binary_info_end = .
                0x100058d0                . = ALIGN (0x4)
                0x100058d0                __etext = .

.ram_vector_table
                0x20000000       0xc0
 *(.ram_vector_table)
 .ram_vector_table
                0x20000000       0xc0 CMakeFiles/TrackCall2.dir/home/pi/pico/pico-sdk/src/rp2_common/pico_runtime/runtime.c.obj
                0x20000000                ram_vector_table

.data           0x200000c0      0x1c0 load address 0x100058d0
                0x200000c0                __data_start__ = .
 *(vtable)
 *(.time_critical*)
 .time_critical.mutex_enter_blocking
                0x200000c0       0x48 CMakeFiles/TrackCall2.dir/home/pi/pico/pico-sdk/src/common/pico_sync/mutex.c.obj
                0x200000c0                mutex_enter_blocking
 .time_critical.mutex_try_enter
                0x20000108       0x48 CMakeFiles/TrackCall2.dir/home/pi/pico/pico-sdk/src/common/pico_sync/mutex.c.obj
                0x20000108                mutex_try_enter
 .time_critical.mutex_exit
                0x20000150       0x4c CMakeFiles/TrackCall2.dir/home/pi/pico/pico-sdk/src/common/pico_sync/mutex.c.obj
                0x20000150                mutex_exit
 *(.text*)
 .text          0x2000019c        0x4 /usr/lib/gcc/arm-none-eabi/7.3.1/thumb/v6-m/libgcc.a(_dvmd_tls.o)
                0x2000019c                __aeabi_ldiv0
                0x2000019c                __aeabi_idiv0
 .text.__stub   0x200001a0       0x10 linker stubs
                0x200001b0                . = ALIGN (0x4)
 *(.rodata*)
                0x200001b0                . = ALIGN (0x4)
 *(.data*)
 .data.striped_spin_lock_num
                0x200001b0        0x1 CMakeFiles/TrackCall2.dir/home/pi/pico/pico-sdk/src/rp2_common/hardware_sync/sync.c.obj
 *fill*         0x200001b1        0x3 
 .data          0x200001b4       0x48 CMakeFiles/TrackCall2.dir/home/pi/pico/pico-sdk/src/rp2_common/hardware_irq/irq_handler_chain.S.obj
                0x200001b4                irq_handler_chain_slots
                0x200001e4                irq_handler_chain_first_slot
                0x200001ee                irq_handler_chain_remove_tail
 .data.default_alarm_pool
                0x200001fc       0x18 CMakeFiles/TrackCall2.dir/home/pi/pico/pico-sdk/src/common/pico_time/time.c.obj
 .data.default_alarm_pool_heap
                0x20000214       0x10 CMakeFiles/TrackCall2.dir/home/pi/pico/pico-sdk/src/common/pico_time/time.c.obj
 *fill*         0x20000224        0xc 
 .data.aeabi_bits_funcs
                0x20000230       0x10 CMakeFiles/TrackCall2.dir/home/pi/pico/pico-sdk/src/rp2_common/pico_bit_ops/bit_ops_aeabi.S.obj
                0x20000230                aeabi_bits_funcs
                0x20000240                aeabi_bits_funcs_end
 .data.aeabi_mem_funcs
                0x20000240       0x10 CMakeFiles/TrackCall2.dir/home/pi/pico/pico-sdk/src/rp2_common/pico_mem_ops/mem_ops_aeabi.S.obj
                0x20000240                aeabi_mem_funcs
                0x20000250                aeabi_mem_funcs_end
 .data.stdio_uart
                0x20000250       0x14 CMakeFiles/TrackCall2.dir/home/pi/pico/pico-sdk/src/rp2_common/pico_stdio_uart/stdio_uart.c.obj
                0x20000250                stdio_uart
                0x20000264                . = ALIGN (0x4)
 *(.after_data.*)
                0x20000264                . = ALIGN (0x4)
                0x20000264                PROVIDE (__mutex_array_start = .)
 *(SORT_BY_NAME(.mutex_array.*))
 *(.mutex_array)
 .mutex_array   0x20000264        0x8 CMakeFiles/TrackCall2.dir/home/pi/pico/pico-sdk/src/rp2_common/pico_stdio/stdio.c.obj
                0x2000026c                PROVIDE (__mutex_array_end = .)
                0x2000026c                . = ALIGN (0x4)
                0x2000026c                PROVIDE (__preinit_array_start = .)
 *(SORT_BY_NAME(.preinit_array.*))
 .preinit_array.00001
                0x2000026c        0x4 CMakeFiles/TrackCall2.dir/home/pi/pico/pico-sdk/src/rp2_common/pico_mem_ops/mem_ops_aeabi.S.obj
 .preinit_array.00010
                0x20000270        0x4 CMakeFiles/TrackCall2.dir/home/pi/pico/pico-sdk/src/rp2_common/pico_bit_ops/bit_ops_aeabi.S.obj
 .preinit_array.00020
                0x20000274        0x4 CMakeFiles/TrackCall2.dir/home/pi/pico/pico-sdk/src/rp2_common/pico_double/double_aeabi.S.obj
 .preinit_array.00020
                0x20000278        0x4 CMakeFiles/TrackCall2.dir/home/pi/pico/pico-sdk/src/rp2_common/pico_float/float_aeabi.S.obj
 *(.preinit_array)
                0x2000027c                PROVIDE (__preinit_array_end = .)
                0x2000027c                . = ALIGN (0x4)
                0x2000027c                PROVIDE (__init_array_start = .)
 *(SORT_BY_NAME(.init_array.*))
 *(.init_array)
 .init_array    0x2000027c        0x4 /usr/lib/gcc/arm-none-eabi/7.3.1/thumb/v6-m/crtbegin.o
                0x20000280                PROVIDE (__init_array_end = .)
                0x20000280                . = ALIGN (0x4)
                0x20000280                PROVIDE (__fini_array_start = .)
 *(SORT_BY_NAME(.fini_array.*))
 *(.fini_array)
                0x20000280                PROVIDE (__fini_array_end = .)
 *(.jcr)
                0x20000280                . = ALIGN (0x4)
                0x20000280                __data_end__ = .

.tm_clone_table
                0x20000280        0x0 load address 0x10005a90
 .tm_clone_table
                0x20000280        0x0 /usr/lib/gcc/arm-none-eabi/7.3.1/thumb/v6-m/crtbegin.o
 .tm_clone_table
                0x20000280        0x0 /usr/lib/gcc/arm-none-eabi/7.3.1/thumb/v6-m/crtend.o

.igot.plt       0x20000280        0x0 load address 0x10005a90
 .igot.plt      0x20000280        0x0 /usr/lib/gcc/arm-none-eabi/7.3.1/thumb/v6-m/crtbegin.o

.uninitialized_data
                0x20000280        0x0 load address 0x10005a90
                0x20000280                . = ALIGN (0x4)
 *(.uninitialized_data*)

.scratch_x      0x20040000        0x0 load address 0x10005a90
                0x20040000                __scratch_x_start__ = .
 *(.scratch_x.*)
                0x20040000                . = ALIGN (0x4)
                0x20040000                __scratch_x_end__ = .
                0x10005a90                __scratch_x_source__ = LOADADDR (.scratch_x)

.scratch_y      0x20041000        0x0 load address 0x10005a90
                0x20041000                __scratch_y_start__ = .
 *(.scratch_y.*)
                0x20041000                . = ALIGN (0x4)
                0x20041000                __scratch_y_end__ = .
                0x10005a90                __scratch_y_source__ = LOADADDR (.scratch_y)

.bss            0x20000280      0x3d8
                0x20000280                . = ALIGN (0x4)
                0x20000280                __bss_start__ = .
 *(SORT_BY_ALIGNMENT(SORT_BY_NAME(.bss*)))
 .bss.default_alarm_pool_entries
                0x20000280      0x100 CMakeFiles/TrackCall2.dir/home/pi/pico/pico-sdk/src/common/pico_time/time.c.obj
 .bss           0x20000380       0x1c /usr/lib/gcc/arm-none-eabi/7.3.1/thumb/v6-m/crtbegin.o
 .bss._used_instruction_space
                0x2000039c        0x8 CMakeFiles/TrackCall2.dir/home/pi/pico/pico-sdk/src/rp2_common/hardware_pio/pio.c.obj
 .bss.alarm_callbacks
                0x200003a4       0x10 CMakeFiles/TrackCall2.dir/home/pi/pico/pico-sdk/src/rp2_common/hardware_timer/timer.c.obj
 .bss.configured_freq
                0x200003b4       0x28 CMakeFiles/TrackCall2.dir/home/pi/pico/pico-sdk/src/rp2_common/hardware_clocks/clocks.c.obj
 .bss.default_alarm_pool_entry_ids_high
                0x200003dc       0x10 CMakeFiles/TrackCall2.dir/home/pi/pico/pico-sdk/src/common/pico_time/time.c.obj
 .bss.default_alarm_pool_heap_nodes
                0x200003ec       0x30 CMakeFiles/TrackCall2.dir/home/pi/pico/pico-sdk/src/common/pico_time/time.c.obj
 .bss.drivers   0x2000041c        0x4 CMakeFiles/TrackCall2.dir/home/pi/pico/pico-sdk/src/rp2_common/pico_stdio/stdio.c.obj
 .bss.filter    0x20000420        0x4 CMakeFiles/TrackCall2.dir/home/pi/pico/pico-sdk/src/rp2_common/pico_stdio/stdio.c.obj
 .bss.pools     0x20000424       0x10 CMakeFiles/TrackCall2.dir/home/pi/pico/pico-sdk/src/common/pico_time/time.c.obj
 .bss.sf_clz_func
                0x20000434        0x4 CMakeFiles/TrackCall2.dir/home/pi/pico/pico-sdk/src/rp2_common/pico_double/double_init_rom.c.obj
                0x20000434                sf_clz_func
 .bss.sleep_notifier
                0x20000438        0x4 CMakeFiles/TrackCall2.dir/home/pi/pico/pico-sdk/src/common/pico_time/time.c.obj
 .bss.target_hi
                0x2000043c       0x10 CMakeFiles/TrackCall2.dir/home/pi/pico/pico-sdk/src/rp2_common/hardware_timer/timer.c.obj
 .bss.uart_instance
                0x2000044c        0x4 CMakeFiles/TrackCall2.dir/home/pi/pico/pico-sdk/src/rp2_common/pico_stdio_uart/stdio_uart.c.obj
 .bss.claimed   0x20000450        0x1 CMakeFiles/TrackCall2.dir/home/pi/pico/pico-sdk/src/rp2_common/hardware_timer/timer.c.obj
 .bss.irq_hander_chain_free_slot_head
                0x20000451        0x1 CMakeFiles/TrackCall2.dir/home/pi/pico/pico-sdk/src/rp2_common/hardware_irq/irq.c.obj
 .bss.timer_callbacks_pending
                0x20000452        0x1 CMakeFiles/TrackCall2.dir/home/pi/pico/pico-sdk/src/rp2_common/hardware_timer/timer.c.obj
 *(COMMON)
 *fill*         0x20000453        0x1 
 COMMON         0x20000454        0x4 CMakeFiles/TrackCall2.dir/home/pi/pico/pico-sdk/src/rp2_common/hardware_uart/uart.c.obj
                0x20000454                uart_char_to_line_feed
 COMMON         0x20000458      0x100 CMakeFiles/TrackCall2.dir/home/pi/pico/pico-sdk/src/rp2_common/pico_double/double_init_rom.c.obj
                0x20000458                sd_table
 COMMON         0x20000558      0x100 CMakeFiles/TrackCall2.dir/home/pi/pico/pico-sdk/src/rp2_common/pico_float/float_init_rom.c.obj
                0x20000558                sf_table
                0x20000658                . = ALIGN (0x4)
                0x20000658                __bss_end__ = .

.heap           0x20000658      0x800
                0x20000658                __end__ = .
                0x20000658                end = __end__
 *(.heap*)
 .heap          0x20000658      0x800 CMakeFiles/TrackCall2.dir/home/pi/pico/pico-sdk/src/rp2_common/pico_standard_link/crt0.S.obj
                0x20000e58                __HeapLimit = .

.stack1_dummy   0x20040000        0x0
 *(.stack1*)

.stack_dummy    0x20041000      0x800
 *(.stack*)
 .stack         0x20041000      0x800 CMakeFiles/TrackCall2.dir/home/pi/pico/pico-sdk/src/rp2_common/pico_standard_link/crt0.S.obj

.flash_end      0x10005a90        0x0
                0x10005a90                __flash_binary_end = .
                0x20040000                __StackLimit = (ORIGIN (RAM) + LENGTH (RAM))
                0x20041000                __StackOneTop = (ORIGIN (SCRATCH_X) + LENGTH (SCRATCH_X))
                0x20042000                __StackTop = (ORIGIN (SCRATCH_Y) + LENGTH (SCRATCH_Y))
                0x20041000                __StackOneBottom = (__StackOneTop - SIZEOF (.stack1_dummy))
                0x20041800                __StackBottom = (__StackTop - SIZEOF (.stack_dummy))
                0x20042000                PROVIDE (__stack = __StackTop)
                0x00000001                ASSERT ((__StackLimit >= __HeapLimit), region RAM overflowed)
                0x00000001                ASSERT (((__binary_info_header_end - __logical_binary_start) <= 0x100), Binary info must be in first 256 bytes of the binary)
LOAD CMakeFiles/TrackCall2.dir/TrackCall2.c.obj
LOAD CMakeFiles/TrackCall2.dir/home/pi/pico/pico-sdk/src/rp2_common/pico_stdlib/stdlib.c.obj
LOAD CMakeFiles/TrackCall2.dir/home/pi/pico/pico-sdk/src/rp2_common/hardware_gpio/gpio.c.obj
LOAD CMakeFiles/TrackCall2.dir/home/pi/pico/pico-sdk/src/rp2_common/hardware_claim/claim.c.obj
LOAD CMakeFiles/TrackCall2.dir/home/pi/pico/pico-sdk/src/rp2_common/pico_platform/platform.c.obj
LOAD CMakeFiles/TrackCall2.dir/home/pi/pico/pico-sdk/src/rp2_common/hardware_sync/sync.c.obj
LOAD CMakeFiles/TrackCall2.dir/home/pi/pico/pico-sdk/src/rp2_common/hardware_irq/irq.c.obj
LOAD CMakeFiles/TrackCall2.dir/home/pi/pico/pico-sdk/src/rp2_common/hardware_irq/irq_handler_chain.S.obj
LOAD CMakeFiles/TrackCall2.dir/home/pi/pico/pico-sdk/src/common/pico_sync/sem.c.obj
LOAD CMakeFiles/TrackCall2.dir/home/pi/pico/pico-sdk/src/common/pico_sync/lock_core.c.obj
LOAD CMakeFiles/TrackCall2.dir/home/pi/pico/pico-sdk/src/common/pico_time/time.c.obj
LOAD CMakeFiles/TrackCall2.dir/home/pi/pico/pico-sdk/src/common/pico_time/timeout_helper.c.obj
LOAD CMakeFiles/TrackCall2.dir/home/pi/pico/pico-sdk/src/rp2_common/hardware_timer/timer.c.obj
LOAD CMakeFiles/TrackCall2.dir/home/pi/pico/pico-sdk/src/common/pico_util/datetime.c.obj
LOAD CMakeFiles/TrackCall2.dir/home/pi/pico/pico-sdk/src/common/pico_util/pheap.c.obj
LOAD CMakeFiles/TrackCall2.dir/home/pi/pico/pico-sdk/src/common/pico_util/queue.c.obj
LOAD CMakeFiles/TrackCall2.dir/home/pi/pico/pico-sdk/src/common/pico_sync/mutex.c.obj
LOAD CMakeFiles/TrackCall2.dir/home/pi/pico/pico-sdk/src/common/pico_sync/critical_section.c.obj
LOAD CMakeFiles/TrackCall2.dir/home/pi/pico/pico-sdk/src/rp2_common/hardware_uart/uart.c.obj
LOAD CMakeFiles/TrackCall2.dir/home/pi/pico/pico-sdk/src/rp2_common/hardware_divider/divider.S.obj
LOAD CMakeFiles/TrackCall2.dir/home/pi/pico/pico-sdk/src/rp2_common/pico_runtime/runtime.c.obj
LOAD CMakeFiles/TrackCall2.dir/home/pi/pico/pico-sdk/src/rp2_common/hardware_clocks/clocks.c.obj
LOAD CMakeFiles/TrackCall2.dir/home/pi/pico/pico-sdk/src/rp2_common/hardware_pll/pll.c.obj
LOAD CMakeFiles/TrackCall2.dir/home/pi/pico/pico-sdk/src/rp2_common/hardware_vreg/vreg.c.obj
LOAD CMakeFiles/TrackCall2.dir/home/pi/pico/pico-sdk/src/rp2_common/hardware_watchdog/watchdog.c.obj
LOAD CMakeFiles/TrackCall2.dir/home/pi/pico/pico-sdk/src/rp2_common/hardware_xosc/xosc.c.obj
LOAD CMakeFiles/TrackCall2.dir/home/pi/pico/pico-sdk/src/rp2_common/pico_printf/printf.c.obj
LOAD CMakeFiles/TrackCall2.dir/home/pi/pico/pico-sdk/src/rp2_common/pico_bit_ops/bit_ops_aeabi.S.obj
LOAD CMakeFiles/TrackCall2.dir/home/pi/pico/pico-sdk/src/rp2_common/pico_bootrom/bootrom.c.obj
LOAD CMakeFiles/TrackCall2.dir/home/pi/pico/pico-sdk/src/rp2_common/pico_divider/divider.S.obj
LOAD CMakeFiles/TrackCall2.dir/home/pi/pico/pico-sdk/src/rp2_common/pico_double/double_aeabi.S.obj
LOAD CMakeFiles/TrackCall2.dir/home/pi/pico/pico-sdk/src/rp2_common/pico_double/double_init_rom.c.obj
LOAD CMakeFiles/TrackCall2.dir/home/pi/pico/pico-sdk/src/rp2_common/pico_double/double_math.c.obj
LOAD CMakeFiles/TrackCall2.dir/home/pi/pico/pico-sdk/src/rp2_common/pico_double/double_v1_rom_shim.S.obj
LOAD CMakeFiles/TrackCall2.dir/home/pi/pico/pico-sdk/src/rp2_common/pico_int64_ops/pico_int64_ops_aeabi.S.obj
LOAD CMakeFiles/TrackCall2.dir/home/pi/pico/pico-sdk/src/rp2_common/pico_float/float_aeabi.S.obj
LOAD CMakeFiles/TrackCall2.dir/home/pi/pico/pico-sdk/src/rp2_common/pico_float/float_init_rom.c.obj
LOAD CMakeFiles/TrackCall2.dir/home/pi/pico/pico-sdk/src/rp2_common/pico_float/float_math.c.obj
LOAD CMakeFiles/TrackCall2.dir/home/pi/pico/pico-sdk/src/rp2_common/pico_float/float_v1_rom_shim.S.obj
LOAD CMakeFiles/TrackCall2.dir/home/pi/pico/pico-sdk/src/rp2_common/pico_malloc/pico_malloc.c.obj
LOAD CMakeFiles/TrackCall2.dir/home/pi/pico/pico-sdk/src/rp2_common/pico_mem_ops/mem_ops_aeabi.S.obj
LOAD CMakeFiles/TrackCall2.dir/home/pi/pico/pico-sdk/src/rp2_common/pico_standard_link/crt0.S.obj
LOAD CMakeFiles/TrackCall2.dir/home/pi/pico/pico-sdk/src/rp2_common/pico_standard_link/new_delete.cpp.obj
LOAD CMakeFiles/TrackCall2.dir/home/pi/pico/pico-sdk/src/rp2_common/pico_standard_link/binary_info.c.obj
LOAD CMakeFiles/TrackCall2.dir/home/pi/pico/pico-sdk/src/rp2_common/pico_stdio/stdio.c.obj
LOAD CMakeFiles/TrackCall2.dir/home/pi/pico/pico-sdk/src/rp2_common/pico_stdio_uart/stdio_uart.c.obj
LOAD CMakeFiles/TrackCall2.dir/home/pi/pico/pico-sdk/src/rp2_common/hardware_pio/pio.c.obj
LOAD /tmp/ccG1MHl4.o
LOAD /usr/lib/gcc/arm-none-eabi/7.3.1/../../../arm-none-eabi/lib/thumb/v6-m/libstdc++.a
LOAD /usr/lib/gcc/arm-none-eabi/7.3.1/../../../arm-none-eabi/lib/thumb/v6-m/libm.a
START GROUP
LOAD /usr/lib/gcc/arm-none-eabi/7.3.1/thumb/v6-m/libgcc.a
LOAD /usr/lib/gcc/arm-none-eabi/7.3.1/../../../arm-none-eabi/lib/thumb/v6-m/libg.a
LOAD /usr/lib/gcc/arm-none-eabi/7.3.1/../../../arm-none-eabi/lib/thumb/v6-m/libc.a
END GROUP
START GROUP
LOAD /usr/lib/gcc/arm-none-eabi/7.3.1/thumb/v6-m/libgcc.a
LOAD /usr/lib/gcc/arm-none-eabi/7.3.1/../../../arm-none-eabi/lib/thumb/v6-m/libc.a
LOAD /usr/lib/gcc/arm-none-eabi/7.3.1/../../../arm-none-eabi/lib/thumb/v6-m/libnosys.a
END GROUP
LOAD /usr/lib/gcc/arm-none-eabi/7.3.1/thumb/v6-m/crtend.o
LOAD /usr/lib/gcc/arm-none-eabi/7.3.1/thumb/v6-m/crtn.o
OUTPUT(TrackCall2.elf elf32-littlearm)

.ARM.attributes
                0x00000000       0x28
 .ARM.attributes
                0x00000000       0x1e /usr/lib/gcc/arm-none-eabi/7.3.1/thumb/v6-m/crti.o
 .ARM.attributes
                0x0000001e       0x2c /usr/lib/gcc/arm-none-eabi/7.3.1/thumb/v6-m/crtbegin.o
 .ARM.attributes
                0x0000004a       0x32 CMakeFiles/TrackCall2.dir/TrackCall2.c.obj
 .ARM.attributes
                0x0000007c       0x32 CMakeFiles/TrackCall2.dir/home/pi/pico/pico-sdk/src/rp2_common/hardware_gpio/gpio.c.obj
 .ARM.attributes
                0x000000ae       0x32 CMakeFiles/TrackCall2.dir/home/pi/pico/pico-sdk/src/rp2_common/hardware_claim/claim.c.obj
 .ARM.attributes
                0x000000e0       0x32 CMakeFiles/TrackCall2.dir/home/pi/pico/pico-sdk/src/rp2_common/pico_platform/platform.c.obj
 .ARM.attributes
                0x00000112       0x32 CMakeFiles/TrackCall2.dir/home/pi/pico/pico-sdk/src/rp2_common/hardware_sync/sync.c.obj
 .ARM.attributes
                0x00000144       0x32 CMakeFiles/TrackCall2.dir/home/pi/pico/pico-sdk/src/rp2_common/hardware_irq/irq.c.obj
 .ARM.attributes
                0x00000176       0x22 CMakeFiles/TrackCall2.dir/home/pi/pico/pico-sdk/src/rp2_common/hardware_irq/irq_handler_chain.S.obj
 .ARM.attributes
                0x00000198       0x32 CMakeFiles/TrackCall2.dir/home/pi/pico/pico-sdk/src/common/pico_sync/lock_core.c.obj
 .ARM.attributes
                0x000001ca       0x32 CMakeFiles/TrackCall2.dir/home/pi/pico/pico-sdk/src/common/pico_time/time.c.obj
 .ARM.attributes
                0x000001fc       0x32 CMakeFiles/TrackCall2.dir/home/pi/pico/pico-sdk/src/rp2_common/hardware_timer/timer.c.obj
 .ARM.attributes
                0x0000022e       0x32 CMakeFiles/TrackCall2.dir/home/pi/pico/pico-sdk/src/common/pico_util/pheap.c.obj
 .ARM.attributes
                0x00000260       0x32 CMakeFiles/TrackCall2.dir/home/pi/pico/pico-sdk/src/common/pico_sync/mutex.c.obj
 .ARM.attributes
                0x00000292       0x32 CMakeFiles/TrackCall2.dir/home/pi/pico/pico-sdk/src/rp2_common/hardware_uart/uart.c.obj
 .ARM.attributes
                0x000002c4       0x32 CMakeFiles/TrackCall2.dir/home/pi/pico/pico-sdk/src/rp2_common/pico_runtime/runtime.c.obj
 .ARM.attributes
                0x000002f6       0x32 CMakeFiles/TrackCall2.dir/home/pi/pico/pico-sdk/src/rp2_common/hardware_clocks/clocks.c.obj
 .ARM.attributes
                0x00000328       0x32 CMakeFiles/TrackCall2.dir/home/pi/pico/pico-sdk/src/rp2_common/hardware_pll/pll.c.obj
 .ARM.attributes
                0x0000035a       0x32 CMakeFiles/TrackCall2.dir/home/pi/pico/pico-sdk/src/rp2_common/hardware_watchdog/watchdog.c.obj
 .ARM.attributes
                0x0000038c       0x32 CMakeFiles/TrackCall2.dir/home/pi/pico/pico-sdk/src/rp2_common/hardware_xosc/xosc.c.obj
 .ARM.attributes
                0x000003be       0x32 CMakeFiles/TrackCall2.dir/home/pi/pico/pico-sdk/src/rp2_common/pico_printf/printf.c.obj
 .ARM.attributes
                0x000003f0       0x22 CMakeFiles/TrackCall2.dir/home/pi/pico/pico-sdk/src/rp2_common/pico_bit_ops/bit_ops_aeabi.S.obj
 .ARM.attributes
                0x00000412       0x32 CMakeFiles/TrackCall2.dir/home/pi/pico/pico-sdk/src/rp2_common/pico_bootrom/bootrom.c.obj
 .ARM.attributes
                0x00000444       0x22 CMakeFiles/TrackCall2.dir/home/pi/pico/pico-sdk/src/rp2_common/pico_divider/divider.S.obj
 .ARM.attributes
                0x00000466       0x22 CMakeFiles/TrackCall2.dir/home/pi/pico/pico-sdk/src/rp2_common/pico_double/double_aeabi.S.obj
 .ARM.attributes
                0x00000488       0x32 CMakeFiles/TrackCall2.dir/home/pi/pico/pico-sdk/src/rp2_common/pico_double/double_init_rom.c.obj
 .ARM.attributes
                0x000004ba       0x22 CMakeFiles/TrackCall2.dir/home/pi/pico/pico-sdk/src/rp2_common/pico_double/double_v1_rom_shim.S.obj
 .ARM.attributes
                0x000004dc       0x22 CMakeFiles/TrackCall2.dir/home/pi/pico/pico-sdk/src/rp2_common/pico_int64_ops/pico_int64_ops_aeabi.S.obj
 .ARM.attributes
                0x000004fe       0x22 CMakeFiles/TrackCall2.dir/home/pi/pico/pico-sdk/src/rp2_common/pico_float/float_aeabi.S.obj
 .ARM.attributes
                0x00000520       0x32 CMakeFiles/TrackCall2.dir/home/pi/pico/pico-sdk/src/rp2_common/pico_float/float_init_rom.c.obj
 .ARM.attributes
                0x00000552       0x22 CMakeFiles/TrackCall2.dir/home/pi/pico/pico-sdk/src/rp2_common/pico_float/float_v1_rom_shim.S.obj
 .ARM.attributes
                0x00000574       0x22 CMakeFiles/TrackCall2.dir/home/pi/pico/pico-sdk/src/rp2_common/pico_mem_ops/mem_ops_aeabi.S.obj
 .ARM.attributes
                0x00000596       0x22 CMakeFiles/TrackCall2.dir/home/pi/pico/pico-sdk/src/rp2_common/pico_standard_link/crt0.S.obj
 .ARM.attributes
                0x000005b8       0x32 CMakeFiles/TrackCall2.dir/home/pi/pico/pico-sdk/src/rp2_common/pico_standard_link/binary_info.c.obj
 .ARM.attributes
                0x000005ea       0x32 CMakeFiles/TrackCall2.dir/home/pi/pico/pico-sdk/src/rp2_common/pico_stdio/stdio.c.obj
 .ARM.attributes
                0x0000061c       0x32 CMakeFiles/TrackCall2.dir/home/pi/pico/pico-sdk/src/rp2_common/pico_stdio_uart/stdio_uart.c.obj
 .ARM.attributes
                0x0000064e       0x32 CMakeFiles/TrackCall2.dir/home/pi/pico/pico-sdk/src/rp2_common/hardware_pio/pio.c.obj
 .ARM.attributes
                0x00000680       0x22 /tmp/ccG1MHl4.o
 .ARM.attributes
                0x000006a2       0x1e /usr/lib/gcc/arm-none-eabi/7.3.1/thumb/v6-m/libgcc.a(_dvmd_tls.o)
 .ARM.attributes
                0x000006c0       0x2c /usr/lib/gcc/arm-none-eabi/7.3.1/../../../arm-none-eabi/lib/thumb/v6-m/libg.a(lib_a-strlen-stub.o)
 .ARM.attributes
                0x000006ec       0x2c /usr/lib/gcc/arm-none-eabi/7.3.1/thumb/v6-m/crtend.o

.comment        0x00000000       0xae
 .comment       0x00000000       0x57 /usr/lib/gcc/arm-none-eabi/7.3.1/thumb/v6-m/crtbegin.o
                                 0x58 (size before relaxing)
 .comment       0x00000057       0x58 CMakeFiles/TrackCall2.dir/TrackCall2.c.obj
 .comment       0x00000057       0x58 CMakeFiles/TrackCall2.dir/home/pi/pico/pico-sdk/src/rp2_common/hardware_gpio/gpio.c.obj
 .comment       0x00000057       0x58 CMakeFiles/TrackCall2.dir/home/pi/pico/pico-sdk/src/rp2_common/hardware_claim/claim.c.obj
 .comment       0x00000057       0x58 CMakeFiles/TrackCall2.dir/home/pi/pico/pico-sdk/src/rp2_common/pico_platform/platform.c.obj
 .comment       0x00000057       0x58 CMakeFiles/TrackCall2.dir/home/pi/pico/pico-sdk/src/rp2_common/hardware_sync/sync.c.obj
 .comment       0x00000057       0x58 CMakeFiles/TrackCall2.dir/home/pi/pico/pico-sdk/src/rp2_common/hardware_irq/irq.c.obj
 .comment       0x00000057       0x58 CMakeFiles/TrackCall2.dir/home/pi/pico/pico-sdk/src/common/pico_sync/lock_core.c.obj
 .comment       0x00000057       0x58 CMakeFiles/TrackCall2.dir/home/pi/pico/pico-sdk/src/common/pico_time/time.c.obj
 .comment       0x00000057       0x58 CMakeFiles/TrackCall2.dir/home/pi/pico/pico-sdk/src/rp2_common/hardware_timer/timer.c.obj
 .comment       0x00000057       0x58 CMakeFiles/TrackCall2.dir/home/pi/pico/pico-sdk/src/common/pico_util/pheap.c.obj
 .comment       0x00000057       0x58 CMakeFiles/TrackCall2.dir/home/pi/pico/pico-sdk/src/common/pico_sync/mutex.c.obj
 .comment       0x00000057       0x58 CMakeFiles/TrackCall2.dir/home/pi/pico/pico-sdk/src/rp2_common/hardware_uart/uart.c.obj
 .comment       0x00000057       0x58 CMakeFiles/TrackCall2.dir/home/pi/pico/pico-sdk/src/rp2_common/pico_runtime/runtime.c.obj
 .comment       0x00000057       0x58 CMakeFiles/TrackCall2.dir/home/pi/pico/pico-sdk/src/rp2_common/hardware_clocks/clocks.c.obj
 .comment       0x00000057       0x58 CMakeFiles/TrackCall2.dir/home/pi/pico/pico-sdk/src/rp2_common/hardware_pll/pll.c.obj
 .comment       0x00000057       0x58 CMakeFiles/TrackCall2.dir/home/pi/pico/pico-sdk/src/rp2_common/hardware_watchdog/watchdog.c.obj
 .comment       0x00000057       0x58 CMakeFiles/TrackCall2.dir/home/pi/pico/pico-sdk/src/rp2_common/hardware_xosc/xosc.c.obj
 .comment       0x00000057       0x58 CMakeFiles/TrackCall2.dir/home/pi/pico/pico-sdk/src/rp2_common/pico_printf/printf.c.obj
 .comment       0x00000057       0x58 CMakeFiles/TrackCall2.dir/home/pi/pico/pico-sdk/src/rp2_common/pico_bootrom/bootrom.c.obj
 .comment       0x00000057       0x58 CMakeFiles/TrackCall2.dir/home/pi/pico/pico-sdk/src/rp2_common/pico_double/double_init_rom.c.obj
 .comment       0x00000057       0x58 CMakeFiles/TrackCall2.dir/home/pi/pico/pico-sdk/src/rp2_common/pico_float/float_init_rom.c.obj
 .comment       0x00000057       0x58 CMakeFiles/TrackCall2.dir/home/pi/pico/pico-sdk/src/rp2_common/pico_standard_link/binary_info.c.obj
 .comment       0x00000057       0x58 CMakeFiles/TrackCall2.dir/home/pi/pico/pico-sdk/src/rp2_common/pico_stdio/stdio.c.obj
 .comment       0x00000057       0x58 CMakeFiles/TrackCall2.dir/home/pi/pico/pico-sdk/src/rp2_common/pico_stdio_uart/stdio_uart.c.obj
 .comment       0x00000057       0x58 CMakeFiles/TrackCall2.dir/home/pi/pico/pico-sdk/src/rp2_common/hardware_pio/pio.c.obj
 .comment       0x00000057       0x57 /usr/lib/gcc/arm-none-eabi/7.3.1/../../../arm-none-eabi/lib/thumb/v6-m/libg.a(lib_a-strlen-stub.o)
                                 0x58 (size before relaxing)
 .comment       0x000000ae       0x58 /usr/lib/gcc/arm-none-eabi/7.3.1/thumb/v6-m/crtend.o

.debug_info     0x00000000    0x195d2
 .debug_info    0x00000000     0x21ee CMakeFiles/TrackCall2.dir/TrackCall2.c.obj
 .debug_info    0x000021ee     0x1381 CMakeFiles/TrackCall2.dir/home/pi/pico/pico-sdk/src/rp2_common/hardware_gpio/gpio.c.obj
 .debug_info    0x0000356f      0x5d8 CMakeFiles/TrackCall2.dir/home/pi/pico/pico-sdk/src/rp2_common/hardware_claim/claim.c.obj
 .debug_info    0x00003b47      0x1c6 CMakeFiles/TrackCall2.dir/home/pi/pico/pico-sdk/src/rp2_common/pico_platform/platform.c.obj
 .debug_info    0x00003d0d      0x508 CMakeFiles/TrackCall2.dir/home/pi/pico/pico-sdk/src/rp2_common/hardware_sync/sync.c.obj
 .debug_info    0x00004215     0x1890 CMakeFiles/TrackCall2.dir/home/pi/pico/pico-sdk/src/rp2_common/hardware_irq/irq.c.obj
 .debug_info    0x00005aa5       0x26 CMakeFiles/TrackCall2.dir/home/pi/pico/pico-sdk/src/rp2_common/hardware_irq/irq_handler_chain.S.obj
 .debug_info    0x00005acb      0x1e8 CMakeFiles/TrackCall2.dir/home/pi/pico/pico-sdk/src/common/pico_sync/lock_core.c.obj
 .debug_info    0x00005cb3     0x3aa1 CMakeFiles/TrackCall2.dir/home/pi/pico/pico-sdk/src/common/pico_time/time.c.obj
 .debug_info    0x00009754      0xe63 CMakeFiles/TrackCall2.dir/home/pi/pico/pico-sdk/src/rp2_common/hardware_timer/timer.c.obj
 .debug_info    0x0000a5b7     0x1842 CMakeFiles/TrackCall2.dir/home/pi/pico/pico-sdk/src/common/pico_util/pheap.c.obj
 .debug_info    0x0000bdf9     0x1a8a CMakeFiles/TrackCall2.dir/home/pi/pico/pico-sdk/src/common/pico_sync/mutex.c.obj
 .debug_info    0x0000d883      0xa11 CMakeFiles/TrackCall2.dir/home/pi/pico/pico-sdk/src/rp2_common/hardware_uart/uart.c.obj
 .debug_info    0x0000e294     0x11ce CMakeFiles/TrackCall2.dir/home/pi/pico/pico-sdk/src/rp2_common/pico_runtime/runtime.c.obj
 .debug_info    0x0000f462      0xd71 CMakeFiles/TrackCall2.dir/home/pi/pico/pico-sdk/src/rp2_common/hardware_clocks/clocks.c.obj
 .debug_info    0x000101d3      0x493 CMakeFiles/TrackCall2.dir/home/pi/pico/pico-sdk/src/rp2_common/hardware_pll/pll.c.obj
 .debug_info    0x00010666      0xc5d CMakeFiles/TrackCall2.dir/home/pi/pico/pico-sdk/src/rp2_common/hardware_watchdog/watchdog.c.obj
 .debug_info    0x000112c3      0x1b2 CMakeFiles/TrackCall2.dir/home/pi/pico/pico-sdk/src/rp2_common/hardware_xosc/xosc.c.obj
 .debug_info    0x00011475     0x1d4b CMakeFiles/TrackCall2.dir/home/pi/pico/pico-sdk/src/rp2_common/pico_printf/printf.c.obj
 .debug_info    0x000131c0       0x22 CMakeFiles/TrackCall2.dir/home/pi/pico/pico-sdk/src/rp2_common/pico_bit_ops/bit_ops_aeabi.S.obj
 .debug_info    0x000131e2      0x23e CMakeFiles/TrackCall2.dir/home/pi/pico/pico-sdk/src/rp2_common/pico_bootrom/bootrom.c.obj
 .debug_info    0x00013420       0x22 CMakeFiles/TrackCall2.dir/home/pi/pico/pico-sdk/src/rp2_common/pico_divider/divider.S.obj
 .debug_info    0x00013442       0x22 CMakeFiles/TrackCall2.dir/home/pi/pico/pico-sdk/src/rp2_common/pico_double/double_aeabi.S.obj
 .debug_info    0x00013464      0xab9 CMakeFiles/TrackCall2.dir/home/pi/pico/pico-sdk/src/rp2_common/pico_double/double_init_rom.c.obj
 .debug_info    0x00013f1d       0x22 CMakeFiles/TrackCall2.dir/home/pi/pico/pico-sdk/src/rp2_common/pico_double/double_v1_rom_shim.S.obj
 .debug_info    0x00013f3f       0x26 CMakeFiles/TrackCall2.dir/home/pi/pico/pico-sdk/src/rp2_common/pico_int64_ops/pico_int64_ops_aeabi.S.obj
 .debug_info    0x00013f65       0x22 CMakeFiles/TrackCall2.dir/home/pi/pico/pico-sdk/src/rp2_common/pico_float/float_aeabi.S.obj
 .debug_info    0x00013f87      0xace CMakeFiles/TrackCall2.dir/home/pi/pico/pico-sdk/src/rp2_common/pico_float/float_init_rom.c.obj
 .debug_info    0x00014a55       0x22 CMakeFiles/TrackCall2.dir/home/pi/pico/pico-sdk/src/rp2_common/pico_float/float_v1_rom_shim.S.obj
 .debug_info    0x00014a77       0x22 CMakeFiles/TrackCall2.dir/home/pi/pico/pico-sdk/src/rp2_common/pico_mem_ops/mem_ops_aeabi.S.obj
 .debug_info    0x00014a99       0x22 CMakeFiles/TrackCall2.dir/home/pi/pico/pico-sdk/src/rp2_common/pico_standard_link/crt0.S.obj
 .debug_info    0x00014abb      0x2fa CMakeFiles/TrackCall2.dir/home/pi/pico/pico-sdk/src/rp2_common/pico_standard_link/binary_info.c.obj
 .debug_info    0x00014db5     0x18fa CMakeFiles/TrackCall2.dir/home/pi/pico/pico-sdk/src/rp2_common/pico_stdio/stdio.c.obj
 .debug_info    0x000166af      0xb3c CMakeFiles/TrackCall2.dir/home/pi/pico/pico-sdk/src/rp2_common/pico_stdio_uart/stdio_uart.c.obj
 .debug_info    0x000171eb     0x1adf CMakeFiles/TrackCall2.dir/home/pi/pico/pico-sdk/src/rp2_common/hardware_pio/pio.c.obj
 .debug_info    0x00018cca       0x26 /usr/lib/gcc/arm-none-eabi/7.3.1/thumb/v6-m/libgcc.a(_dvmd_tls.o)
 .debug_info    0x00018cf0      0x8e2 /usr/lib/gcc/arm-none-eabi/7.3.1/../../../arm-none-eabi/lib/thumb/v6-m/libg.a(lib_a-strlen-stub.o)

.debug_abbrev   0x00000000     0x49a6
 .debug_abbrev  0x00000000      0x482 CMakeFiles/TrackCall2.dir/TrackCall2.c.obj
 .debug_abbrev  0x00000482      0x2f7 CMakeFiles/TrackCall2.dir/home/pi/pico/pico-sdk/src/rp2_common/hardware_gpio/gpio.c.obj
 .debug_abbrev  0x00000779      0x265 CMakeFiles/TrackCall2.dir/home/pi/pico/pico-sdk/src/rp2_common/hardware_claim/claim.c.obj
 .debug_abbrev  0x000009de       0xde CMakeFiles/TrackCall2.dir/home/pi/pico/pico-sdk/src/rp2_common/pico_platform/platform.c.obj
 .debug_abbrev  0x00000abc      0x1e8 CMakeFiles/TrackCall2.dir/home/pi/pico/pico-sdk/src/rp2_common/hardware_sync/sync.c.obj
 .debug_abbrev  0x00000ca4      0x45d CMakeFiles/TrackCall2.dir/home/pi/pico/pico-sdk/src/rp2_common/hardware_irq/irq.c.obj
 .debug_abbrev  0x00001101       0x14 CMakeFiles/TrackCall2.dir/home/pi/pico/pico-sdk/src/rp2_common/hardware_irq/irq_handler_chain.S.obj
 .debug_abbrev  0x00001115      0x12d CMakeFiles/TrackCall2.dir/home/pi/pico/pico-sdk/src/common/pico_sync/lock_core.c.obj
 .debug_abbrev  0x00001242      0x58b CMakeFiles/TrackCall2.dir/home/pi/pico/pico-sdk/src/common/pico_time/time.c.obj
 .debug_abbrev  0x000017cd      0x320 CMakeFiles/TrackCall2.dir/home/pi/pico/pico-sdk/src/rp2_common/hardware_timer/timer.c.obj
 .debug_abbrev  0x00001aed      0x376 CMakeFiles/TrackCall2.dir/home/pi/pico/pico-sdk/src/common/pico_util/pheap.c.obj
 .debug_abbrev  0x00001e63      0x325 CMakeFiles/TrackCall2.dir/home/pi/pico/pico-sdk/src/common/pico_sync/mutex.c.obj
 .debug_abbrev  0x00002188      0x29c CMakeFiles/TrackCall2.dir/home/pi/pico/pico-sdk/src/rp2_common/hardware_uart/uart.c.obj
 .debug_abbrev  0x00002424      0x421 CMakeFiles/TrackCall2.dir/home/pi/pico/pico-sdk/src/rp2_common/pico_runtime/runtime.c.obj
 .debug_abbrev  0x00002845      0x35d CMakeFiles/TrackCall2.dir/home/pi/pico/pico-sdk/src/rp2_common/hardware_clocks/clocks.c.obj
 .debug_abbrev  0x00002ba2      0x1a0 CMakeFiles/TrackCall2.dir/home/pi/pico/pico-sdk/src/rp2_common/hardware_pll/pll.c.obj
 .debug_abbrev  0x00002d42      0x288 CMakeFiles/TrackCall2.dir/home/pi/pico/pico-sdk/src/rp2_common/hardware_watchdog/watchdog.c.obj
 .debug_abbrev  0x00002fca       0xec CMakeFiles/TrackCall2.dir/home/pi/pico/pico-sdk/src/rp2_common/hardware_xosc/xosc.c.obj
 .debug_abbrev  0x000030b6      0x402 CMakeFiles/TrackCall2.dir/home/pi/pico/pico-sdk/src/rp2_common/pico_printf/printf.c.obj
 .debug_abbrev  0x000034b8       0x12 CMakeFiles/TrackCall2.dir/home/pi/pico/pico-sdk/src/rp2_common/pico_bit_ops/bit_ops_aeabi.S.obj
 .debug_abbrev  0x000034ca      0x11e CMakeFiles/TrackCall2.dir/home/pi/pico/pico-sdk/src/rp2_common/pico_bootrom/bootrom.c.obj
 .debug_abbrev  0x000035e8       0x12 CMakeFiles/TrackCall2.dir/home/pi/pico/pico-sdk/src/rp2_common/pico_divider/divider.S.obj
 .debug_abbrev  0x000035fa       0x12 CMakeFiles/TrackCall2.dir/home/pi/pico/pico-sdk/src/rp2_common/pico_double/double_aeabi.S.obj
 .debug_abbrev  0x0000360c      0x278 CMakeFiles/TrackCall2.dir/home/pi/pico/pico-sdk/src/rp2_common/pico_double/double_init_rom.c.obj
 .debug_abbrev  0x00003884       0x12 CMakeFiles/TrackCall2.dir/home/pi/pico/pico-sdk/src/rp2_common/pico_double/double_v1_rom_shim.S.obj
 .debug_abbrev  0x00003896       0x14 CMakeFiles/TrackCall2.dir/home/pi/pico/pico-sdk/src/rp2_common/pico_int64_ops/pico_int64_ops_aeabi.S.obj
 .debug_abbrev  0x000038aa       0x12 CMakeFiles/TrackCall2.dir/home/pi/pico/pico-sdk/src/rp2_common/pico_float/float_aeabi.S.obj
 .debug_abbrev  0x000038bc      0x292 CMakeFiles/TrackCall2.dir/home/pi/pico/pico-sdk/src/rp2_common/pico_float/float_init_rom.c.obj
 .debug_abbrev  0x00003b4e       0x12 CMakeFiles/TrackCall2.dir/home/pi/pico/pico-sdk/src/rp2_common/pico_float/float_v1_rom_shim.S.obj
 .debug_abbrev  0x00003b60       0x12 CMakeFiles/TrackCall2.dir/home/pi/pico/pico-sdk/src/rp2_common/pico_mem_ops/mem_ops_aeabi.S.obj
 .debug_abbrev  0x00003b72       0x12 CMakeFiles/TrackCall2.dir/home/pi/pico/pico-sdk/src/rp2_common/pico_standard_link/crt0.S.obj
 .debug_abbrev  0x00003b84       0x9f CMakeFiles/TrackCall2.dir/home/pi/pico/pico-sdk/src/rp2_common/pico_standard_link/binary_info.c.obj
 .debug_abbrev  0x00003c23      0x4b8 CMakeFiles/TrackCall2.dir/home/pi/pico/pico-sdk/src/rp2_common/pico_stdio/stdio.c.obj
 .debug_abbrev  0x000040db      0x35c CMakeFiles/TrackCall2.dir/home/pi/pico/pico-sdk/src/rp2_common/pico_stdio_uart/stdio_uart.c.obj
 .debug_abbrev  0x00004437      0x3a3 CMakeFiles/TrackCall2.dir/home/pi/pico/pico-sdk/src/rp2_common/hardware_pio/pio.c.obj
 .debug_abbrev  0x000047da       0x14 /usr/lib/gcc/arm-none-eabi/7.3.1/thumb/v6-m/libgcc.a(_dvmd_tls.o)
 .debug_abbrev  0x000047ee      0x1b8 /usr/lib/gcc/arm-none-eabi/7.3.1/../../../arm-none-eabi/lib/thumb/v6-m/libg.a(lib_a-strlen-stub.o)

.debug_loc      0x00000000     0xc69d
 .debug_loc     0x00000000      0x924 CMakeFiles/TrackCall2.dir/TrackCall2.c.obj
 .debug_loc     0x00000924      0xf0f CMakeFiles/TrackCall2.dir/home/pi/pico/pico-sdk/src/rp2_common/hardware_gpio/gpio.c.obj
 .debug_loc     0x00001833      0x371 CMakeFiles/TrackCall2.dir/home/pi/pico/pico-sdk/src/rp2_common/hardware_claim/claim.c.obj
 .debug_loc     0x00001ba4       0xcf CMakeFiles/TrackCall2.dir/home/pi/pico/pico-sdk/src/rp2_common/pico_platform/platform.c.obj
 .debug_loc     0x00001c73      0x196 CMakeFiles/TrackCall2.dir/home/pi/pico/pico-sdk/src/rp2_common/hardware_sync/sync.c.obj
 .debug_loc     0x00001e09      0xdb0 CMakeFiles/TrackCall2.dir/home/pi/pico/pico-sdk/src/rp2_common/hardware_irq/irq.c.obj
 .debug_loc     0x00002bb9       0x56 CMakeFiles/TrackCall2.dir/home/pi/pico/pico-sdk/src/common/pico_sync/lock_core.c.obj
 .debug_loc     0x00002c0f     0x235a CMakeFiles/TrackCall2.dir/home/pi/pico/pico-sdk/src/common/pico_time/time.c.obj
 .debug_loc     0x00004f69      0x59d CMakeFiles/TrackCall2.dir/home/pi/pico/pico-sdk/src/rp2_common/hardware_timer/timer.c.obj
 .debug_loc     0x00005506      0xfd7 CMakeFiles/TrackCall2.dir/home/pi/pico/pico-sdk/src/common/pico_util/pheap.c.obj
 .debug_loc     0x000064dd     0x100d CMakeFiles/TrackCall2.dir/home/pi/pico/pico-sdk/src/common/pico_sync/mutex.c.obj
 .debug_loc     0x000074ea      0x468 CMakeFiles/TrackCall2.dir/home/pi/pico/pico-sdk/src/rp2_common/hardware_uart/uart.c.obj
 .debug_loc     0x00007952      0x2f0 CMakeFiles/TrackCall2.dir/home/pi/pico/pico-sdk/src/rp2_common/pico_runtime/runtime.c.obj
 .debug_loc     0x00007c42      0x66e CMakeFiles/TrackCall2.dir/home/pi/pico/pico-sdk/src/rp2_common/hardware_clocks/clocks.c.obj
 .debug_loc     0x000082b0      0x297 CMakeFiles/TrackCall2.dir/home/pi/pico/pico-sdk/src/rp2_common/hardware_pll/pll.c.obj
 .debug_loc     0x00008547      0x252 CMakeFiles/TrackCall2.dir/home/pi/pico/pico-sdk/src/rp2_common/hardware_watchdog/watchdog.c.obj
 .debug_loc     0x00008799       0x35 CMakeFiles/TrackCall2.dir/home/pi/pico/pico-sdk/src/rp2_common/hardware_xosc/xosc.c.obj
 .debug_loc     0x000087ce     0x1b4a CMakeFiles/TrackCall2.dir/home/pi/pico/pico-sdk/src/rp2_common/pico_printf/printf.c.obj
 .debug_loc     0x0000a318      0x171 CMakeFiles/TrackCall2.dir/home/pi/pico/pico-sdk/src/rp2_common/pico_bootrom/bootrom.c.obj
 .debug_loc     0x0000a489       0x4f CMakeFiles/TrackCall2.dir/home/pi/pico/pico-sdk/src/rp2_common/pico_double/double_init_rom.c.obj
 .debug_loc     0x0000a4d8       0x65 CMakeFiles/TrackCall2.dir/home/pi/pico/pico-sdk/src/rp2_common/pico_float/float_init_rom.c.obj
 .debug_loc     0x0000a53d      0x9da CMakeFiles/TrackCall2.dir/home/pi/pico/pico-sdk/src/rp2_common/pico_stdio/stdio.c.obj
 .debug_loc     0x0000af17      0x444 CMakeFiles/TrackCall2.dir/home/pi/pico/pico-sdk/src/rp2_common/pico_stdio_uart/stdio_uart.c.obj
 .debug_loc     0x0000b35b     0x12ae CMakeFiles/TrackCall2.dir/home/pi/pico/pico-sdk/src/rp2_common/hardware_pio/pio.c.obj
 .debug_loc     0x0000c609       0x94 /usr/lib/gcc/arm-none-eabi/7.3.1/../../../arm-none-eabi/lib/thumb/v6-m/libg.a(lib_a-strlen-stub.o)

.debug_aranges  0x00000000      0xee0
 .debug_aranges
                0x00000000       0x30 CMakeFiles/TrackCall2.dir/TrackCall2.c.obj
 .debug_aranges
                0x00000030      0x100 CMakeFiles/TrackCall2.dir/home/pi/pico/pico-sdk/src/rp2_common/hardware_gpio/gpio.c.obj
 .debug_aranges
                0x00000130       0x48 CMakeFiles/TrackCall2.dir/home/pi/pico/pico-sdk/src/rp2_common/hardware_claim/claim.c.obj
 .debug_aranges
                0x00000178       0x28 CMakeFiles/TrackCall2.dir/home/pi/pico/pico-sdk/src/rp2_common/pico_platform/platform.c.obj
 .debug_aranges
                0x000001a0       0x58 CMakeFiles/TrackCall2.dir/home/pi/pico/pico-sdk/src/rp2_common/hardware_sync/sync.c.obj
 .debug_aranges
                0x000001f8       0xc8 CMakeFiles/TrackCall2.dir/home/pi/pico/pico-sdk/src/rp2_common/hardware_irq/irq.c.obj
 .debug_aranges
                0x000002c0       0x20 CMakeFiles/TrackCall2.dir/home/pi/pico/pico-sdk/src/rp2_common/hardware_irq/irq_handler_chain.S.obj
 .debug_aranges
                0x000002e0       0x20 CMakeFiles/TrackCall2.dir/home/pi/pico/pico-sdk/src/common/pico_sync/lock_core.c.obj
 .debug_aranges
                0x00000300       0xd0 CMakeFiles/TrackCall2.dir/home/pi/pico/pico-sdk/src/common/pico_time/time.c.obj
 .debug_aranges
                0x000003d0       0x78 CMakeFiles/TrackCall2.dir/home/pi/pico/pico-sdk/src/rp2_common/hardware_timer/timer.c.obj
 .debug_aranges
                0x00000448       0x78 CMakeFiles/TrackCall2.dir/home/pi/pico/pico-sdk/src/common/pico_util/pheap.c.obj
 .debug_aranges
                0x000004c0       0x88 CMakeFiles/TrackCall2.dir/home/pi/pico/pico-sdk/src/common/pico_sync/mutex.c.obj
 .debug_aranges
                0x00000548       0x40 CMakeFiles/TrackCall2.dir/home/pi/pico/pico-sdk/src/rp2_common/hardware_uart/uart.c.obj
 .debug_aranges
                0x00000588       0x60 CMakeFiles/TrackCall2.dir/home/pi/pico/pico-sdk/src/rp2_common/pico_runtime/runtime.c.obj
 .debug_aranges
                0x000005e8       0x70 CMakeFiles/TrackCall2.dir/home/pi/pico/pico-sdk/src/rp2_common/hardware_clocks/clocks.c.obj
 .debug_aranges
                0x00000658       0x28 CMakeFiles/TrackCall2.dir/home/pi/pico/pico-sdk/src/rp2_common/hardware_pll/pll.c.obj
 .debug_aranges
                0x00000680       0x58 CMakeFiles/TrackCall2.dir/home/pi/pico/pico-sdk/src/rp2_common/hardware_watchdog/watchdog.c.obj
 .debug_aranges
                0x000006d8       0x30 CMakeFiles/TrackCall2.dir/home/pi/pico/pico-sdk/src/rp2_common/hardware_xosc/xosc.c.obj
 .debug_aranges
                0x00000708       0x90 CMakeFiles/TrackCall2.dir/home/pi/pico/pico-sdk/src/rp2_common/pico_printf/printf.c.obj
 .debug_aranges
                0x00000798       0x68 CMakeFiles/TrackCall2.dir/home/pi/pico/pico-sdk/src/rp2_common/pico_bit_ops/bit_ops_aeabi.S.obj
 .debug_aranges
                0x00000800       0x30 CMakeFiles/TrackCall2.dir/home/pi/pico/pico-sdk/src/rp2_common/pico_bootrom/bootrom.c.obj
 .debug_aranges
                0x00000830       0x40 CMakeFiles/TrackCall2.dir/home/pi/pico/pico-sdk/src/rp2_common/pico_divider/divider.S.obj
 .debug_aranges
                0x00000870      0x140 CMakeFiles/TrackCall2.dir/home/pi/pico/pico-sdk/src/rp2_common/pico_double/double_aeabi.S.obj
 .debug_aranges
                0x000009b0       0x20 CMakeFiles/TrackCall2.dir/home/pi/pico/pico-sdk/src/rp2_common/pico_double/double_init_rom.c.obj
 .debug_aranges
                0x000009d0       0xc8 CMakeFiles/TrackCall2.dir/home/pi/pico/pico-sdk/src/rp2_common/pico_double/double_v1_rom_shim.S.obj
 .debug_aranges
                0x00000a98       0x20 CMakeFiles/TrackCall2.dir/home/pi/pico/pico-sdk/src/rp2_common/pico_int64_ops/pico_int64_ops_aeabi.S.obj
 .debug_aranges
                0x00000ab8      0x130 CMakeFiles/TrackCall2.dir/home/pi/pico/pico-sdk/src/rp2_common/pico_float/float_aeabi.S.obj
 .debug_aranges
                0x00000be8       0x20 CMakeFiles/TrackCall2.dir/home/pi/pico/pico-sdk/src/rp2_common/pico_float/float_init_rom.c.obj
 .debug_aranges
                0x00000c08       0x50 CMakeFiles/TrackCall2.dir/home/pi/pico/pico-sdk/src/rp2_common/pico_float/float_v1_rom_shim.S.obj
 .debug_aranges
                0x00000c58       0x38 CMakeFiles/TrackCall2.dir/home/pi/pico/pico-sdk/src/rp2_common/pico_mem_ops/mem_ops_aeabi.S.obj
 .debug_aranges
                0x00000c90       0x28 CMakeFiles/TrackCall2.dir/home/pi/pico/pico-sdk/src/rp2_common/pico_standard_link/crt0.S.obj
 .debug_aranges
                0x00000cb8       0x18 CMakeFiles/TrackCall2.dir/home/pi/pico/pico-sdk/src/rp2_common/pico_standard_link/binary_info.c.obj
 .debug_aranges
                0x00000cd0       0xd0 CMakeFiles/TrackCall2.dir/home/pi/pico/pico-sdk/src/rp2_common/pico_stdio/stdio.c.obj
 .debug_aranges
                0x00000da0       0x48 CMakeFiles/TrackCall2.dir/home/pi/pico/pico-sdk/src/rp2_common/pico_stdio_uart/stdio_uart.c.obj
 .debug_aranges
                0x00000de8       0xb8 CMakeFiles/TrackCall2.dir/home/pi/pico/pico-sdk/src/rp2_common/hardware_pio/pio.c.obj
 .debug_aranges